Archive member included to satisfy reference by file (symbol)

e:/stm32cubeide/cubeide/stm32cubeide_1.4.0/stm32cubeide/plugins/com.st.stm32cube.ide.mcu.externaltools.gnu-tools-for-stm32.7-2018-q2-update.win32_1.4.0.202007081208/tools/bin/../lib/gcc/arm-none-eabi/7.3.1/../../../../arm-none-eabi/lib/thumb/v7e-m/fpv4-sp/hard\libc_nano.a(lib_a-errno.o)
                              Core/Src/syscalls.o (__errno)
e:/stm32cubeide/cubeide/stm32cubeide_1.4.0/stm32cubeide/plugins/com.st.stm32cube.ide.mcu.externaltools.gnu-tools-for-stm32.7-2018-q2-update.win32_1.4.0.202007081208/tools/bin/../lib/gcc/arm-none-eabi/7.3.1/../../../../arm-none-eabi/lib/thumb/v7e-m/fpv4-sp/hard\libc_nano.a(lib_a-exit.o)
                              e:/stm32cubeide/cubeide/stm32cubeide_1.4.0/stm32cubeide/plugins/com.st.stm32cube.ide.mcu.externaltools.gnu-tools-for-stm32.7-2018-q2-update.win32_1.4.0.202007081208/tools/bin/../lib/gcc/arm-none-eabi/7.3.1/../../../../arm-none-eabi/lib/thumb/v7e-m/fpv4-sp/hard/crt0.o (exit)
e:/stm32cubeide/cubeide/stm32cubeide_1.4.0/stm32cubeide/plugins/com.st.stm32cube.ide.mcu.externaltools.gnu-tools-for-stm32.7-2018-q2-update.win32_1.4.0.202007081208/tools/bin/../lib/gcc/arm-none-eabi/7.3.1/../../../../arm-none-eabi/lib/thumb/v7e-m/fpv4-sp/hard\libc_nano.a(lib_a-impure.o)
                              e:/stm32cubeide/cubeide/stm32cubeide_1.4.0/stm32cubeide/plugins/com.st.stm32cube.ide.mcu.externaltools.gnu-tools-for-stm32.7-2018-q2-update.win32_1.4.0.202007081208/tools/bin/../lib/gcc/arm-none-eabi/7.3.1/../../../../arm-none-eabi/lib/thumb/v7e-m/fpv4-sp/hard\libc_nano.a(lib_a-exit.o) (_global_impure_ptr)
e:/stm32cubeide/cubeide/stm32cubeide_1.4.0/stm32cubeide/plugins/com.st.stm32cube.ide.mcu.externaltools.gnu-tools-for-stm32.7-2018-q2-update.win32_1.4.0.202007081208/tools/bin/../lib/gcc/arm-none-eabi/7.3.1/../../../../arm-none-eabi/lib/thumb/v7e-m/fpv4-sp/hard\libc_nano.a(lib_a-init.o)
                              e:/stm32cubeide/cubeide/stm32cubeide_1.4.0/stm32cubeide/plugins/com.st.stm32cube.ide.mcu.externaltools.gnu-tools-for-stm32.7-2018-q2-update.win32_1.4.0.202007081208/tools/bin/../lib/gcc/arm-none-eabi/7.3.1/../../../../arm-none-eabi/lib/thumb/v7e-m/fpv4-sp/hard/crt0.o (__libc_init_array)
e:/stm32cubeide/cubeide/stm32cubeide_1.4.0/stm32cubeide/plugins/com.st.stm32cube.ide.mcu.externaltools.gnu-tools-for-stm32.7-2018-q2-update.win32_1.4.0.202007081208/tools/bin/../lib/gcc/arm-none-eabi/7.3.1/../../../../arm-none-eabi/lib/thumb/v7e-m/fpv4-sp/hard\libc_nano.a(lib_a-memset.o)
                              e:/stm32cubeide/cubeide/stm32cubeide_1.4.0/stm32cubeide/plugins/com.st.stm32cube.ide.mcu.externaltools.gnu-tools-for-stm32.7-2018-q2-update.win32_1.4.0.202007081208/tools/bin/../lib/gcc/arm-none-eabi/7.3.1/../../../../arm-none-eabi/lib/thumb/v7e-m/fpv4-sp/hard/crt0.o (memset)
e:/stm32cubeide/cubeide/stm32cubeide_1.4.0/stm32cubeide/plugins/com.st.stm32cube.ide.mcu.externaltools.gnu-tools-for-stm32.7-2018-q2-update.win32_1.4.0.202007081208/tools/bin/../lib/gcc/arm-none-eabi/7.3.1/../../../../arm-none-eabi/lib/thumb/v7e-m/fpv4-sp/hard\libc_nano.a(lib_a-nano-vfprintf_float.o)
                              (_printf_float)
e:/stm32cubeide/cubeide/stm32cubeide_1.4.0/stm32cubeide/plugins/com.st.stm32cube.ide.mcu.externaltools.gnu-tools-for-stm32.7-2018-q2-update.win32_1.4.0.202007081208/tools/bin/../lib/gcc/arm-none-eabi/7.3.1/../../../../arm-none-eabi/lib/thumb/v7e-m/fpv4-sp/hard\libc_nano.a(lib_a-nano-vfprintf_i.o)
                              e:/stm32cubeide/cubeide/stm32cubeide_1.4.0/stm32cubeide/plugins/com.st.stm32cube.ide.mcu.externaltools.gnu-tools-for-stm32.7-2018-q2-update.win32_1.4.0.202007081208/tools/bin/../lib/gcc/arm-none-eabi/7.3.1/../../../../arm-none-eabi/lib/thumb/v7e-m/fpv4-sp/hard\libc_nano.a(lib_a-nano-vfprintf_float.o) (_printf_common)
e:/stm32cubeide/cubeide/stm32cubeide_1.4.0/stm32cubeide/plugins/com.st.stm32cube.ide.mcu.externaltools.gnu-tools-for-stm32.7-2018-q2-update.win32_1.4.0.202007081208/tools/bin/../lib/gcc/arm-none-eabi/7.3.1/../../../../arm-none-eabi/lib/thumb/v7e-m/fpv4-sp/hard\libc_nano.a(lib_a-strlen.o)
                              e:/stm32cubeide/cubeide/stm32cubeide_1.4.0/stm32cubeide/plugins/com.st.stm32cube.ide.mcu.externaltools.gnu-tools-for-stm32.7-2018-q2-update.win32_1.4.0.202007081208/tools/bin/../lib/gcc/arm-none-eabi/7.3.1/../../../../arm-none-eabi/lib/thumb/v7e-m/fpv4-sp/hard\libc_nano.a(lib_a-nano-vfprintf_float.o) (strlen)
e:/stm32cubeide/cubeide/stm32cubeide_1.4.0/stm32cubeide/plugins/com.st.stm32cube.ide.mcu.externaltools.gnu-tools-for-stm32.7-2018-q2-update.win32_1.4.0.202007081208/tools/bin/../lib/gcc/arm-none-eabi/7.3.1/../../../../arm-none-eabi/lib/thumb/v7e-m/fpv4-sp/hard\libc_nano.a(lib_a-dtoa.o)
[...]
Memory Configuration

Name             Origin             Length             Attributes
CCMRAM           0x0000000010000000 0x0000000000010000 xrw
RAM              0x0000000020000000 0x0000000000020000 xrw
FLASH            0x0000000008000000 0x0000000000100000 xr
*default*        0x0000000000000000 0xffffffffffffffff

Linker script and memory map

LOAD e:/stm32cubeide/cubeide/stm32cubeide_1.4.0/stm32cubeide/plugins/com.st.stm32cube.ide.mcu.externaltools.gnu-tools-for-stm32.7-2018-q2-update.win32_1.4.0.202007081208/tools/bin/../lib/gcc/arm-none-eabi/7.3.1/thumb/v7e-m/fpv4-sp/hard/crti.o
LOAD e:/stm32cubeide/cubeide/stm32cubeide_1.4.0/stm32cubeide/plugins/com.st.stm32cube.ide.mcu.externaltools.gnu-tools-for-stm32.7-2018-q2-update.win32_1.4.0.202007081208/tools/bin/../lib/gcc/arm-none-eabi/7.3.1/thumb/v7e-m/fpv4-sp/hard/crtbegin.o
LOAD e:/stm32cubeide/cubeide/stm32cubeide_1.4.0/stm32cubeide/plugins/com.st.stm32cube.ide.mcu.externaltools.gnu-tools-for-stm32.7-2018-q2-update.win32_1.4.0.202007081208/tools/bin/../lib/gcc/arm-none-eabi/7.3.1/../../../../arm-none-eabi/lib/thumb/v7e-m/fpv4-sp/hard/crt0.o
LOAD Core/Src/LED.o
LOAD Core/Src/buzzer.o
LOAD Core/Src/communication.o
LOAD Core/Src/delay.o
LOAD Core/Src/dma.o
LOAD Core/Src/flame.o
LOAD Core/Src/gpio.o
LOAD Core/Src/main.o
LOAD Core/Src/mbotLinuxUsart.o
LOAD Core/Src/mc_math.o
LOAD Core/Src/motor_l1.o
LOAD Core/Src/motor_l2.o
LOAD Core/Src/motor_r1.o
LOAD Core/Src/motor_r2.o
LOAD Core/Src/people.o
LOAD Core/Src/smok.o
LOAD Core/Src/spi.o
LOAD Core/Src/spi_01.o
LOAD Core/Src/start.o
LOAD Core/Src/stm32f4xx_hal_msp.o
LOAD Core/Src/stm32f4xx_it.o
LOAD Core/Src/syscalls.o
LOAD Core/Src/sysmem.o
LOAD Core/Src/system_stm32f4xx.o
LOAD Core/Src/tim.o
LOAD Core/Src/ultrasonic.o
LOAD Core/Src/usart.o
LOAD Core/Startup/startup_stm32f407zgtx.o
LOAD Drivers/STM32F4xx_HAL_Driver/Src/stm32f4xx_hal.o
LOAD Drivers/STM32F4xx_HAL_Driver/Src/stm32f4xx_hal_cortex.o
LOAD Drivers/STM32F4xx_HAL_Driver/Src/stm32f4xx_hal_dma.o
LOAD Drivers/STM32F4xx_HAL_Driver/Src/stm32f4xx_hal_dma_ex.o
LOAD Drivers/STM32F4xx_HAL_Driver/Src/stm32f4xx_hal_exti.o
LOAD Drivers/STM32F4xx_HAL_Driver/Src/stm32f4xx_hal_flash.o
LOAD Drivers/STM32F4xx_HAL_Driver/Src/stm32f4xx_hal_flash_ex.o
LOAD Drivers/STM32F4xx_HAL_Driver/Src/stm32f4xx_hal_flash_ramfunc.o
LOAD Drivers/STM32F4xx_HAL_Driver/Src/stm32f4xx_hal_gpio.o
LOAD Drivers/STM32F4xx_HAL_Driver/Src/stm32f4xx_hal_pwr.o
LOAD Drivers/STM32F4xx_HAL_Driver/Src/stm32f4xx_hal_pwr_ex.o
LOAD Drivers/STM32F4xx_HAL_Driver/Src/stm32f4xx_hal_rcc.o
LOAD Drivers/STM32F4xx_HAL_Driver/Src/stm32f4xx_hal_rcc_ex.o
LOAD Drivers/STM32F4xx_HAL_Driver/Src/stm32f4xx_hal_spi.o
LOAD Drivers/STM32F4xx_HAL_Driver/Src/stm32f4xx_hal_tim.o
LOAD Drivers/STM32F4xx_HAL_Driver/Src/stm32f4xx_hal_tim_ex.o
LOAD Drivers/STM32F4xx_HAL_Driver/Src/stm32f4xx_hal_uart.o
START GROUP
LOAD e:/stm32cubeide/cubeide/stm32cubeide_1.4.0/stm32cubeide/plugins/com.st.stm32cube.ide.mcu.externaltools.gnu-tools-for-stm32.7-2018-q2-update.win32_1.4.0.202007081208/tools/bin/../lib/gcc/arm-none-eabi/7.3.1/../../../../arm-none-eabi/lib/thumb/v7e-m/fpv4-sp/hard\libc_nano.a
LOAD e:/stm32cubeide/cubeide/stm32cubeide_1.4.0/stm32cubeide/plugins/com.st.stm32cube.ide.mcu.externaltools.gnu-tools-for-stm32.7-2018-q2-update.win32_1.4.0.202007081208/tools/bin/../lib/gcc/arm-none-eabi/7.3.1/../../../../arm-none-eabi/lib/thumb/v7e-m/fpv4-sp/hard\libm.a
END GROUP
START GROUP
LOAD e:/stm32cubeide/cubeide/stm32cubeide_1.4.0/stm32cubeide/plugins/com.st.stm32cube.ide.mcu.externaltools.gnu-tools-for-stm32.7-2018-q2-update.win32_1.4.0.202007081208/tools/bin/../lib/gcc/arm-none-eabi/7.3.1/thumb/v7e-m/fpv4-sp/hard\libgcc.a
LOAD e:/stm32cubeide/cubeide/stm32cubeide_1.4.0/stm32cubeide/plugins/com.st.stm32cube.ide.mcu.externaltools.gnu-tools-for-stm32.7-2018-q2-update.win32_1.4.0.202007081208/tools/bin/../lib/gcc/arm-none-eabi/7.3.1/../../../../arm-none-eabi/lib/thumb/v7e-m/fpv4-sp/hard\libc_nano.a
END GROUP
START GROUP
LOAD e:/stm32cubeide/cubeide/stm32cubeide_1.4.0/stm32cubeide/plugins/com.st.stm32cube.ide.mcu.externaltools.gnu-tools-for-stm32.7-2018-q2-update.win32_1.4.0.202007081208/tools/bin/../lib/gcc/arm-none-eabi/7.3.1/thumb/v7e-m/fpv4-sp/hard\libgcc.a
LOAD e:/stm32cubeide/cubeide/stm32cubeide_1.4.0/stm32cubeide/plugins/com.st.stm32cube.ide.mcu.externaltools.gnu-tools-for-stm32.7-2018-q2-update.win32_1.4.0.202007081208/tools/bin/../lib/gcc/arm-none-eabi/7.3.1/../../../../arm-none-eabi/lib/thumb/v7e-m/fpv4-sp/hard\libc_nano.a
LOAD e:/stm32cubeide/cubeide/stm32cubeide_1.4.0/stm32cubeide/plugins/com.st.stm32cube.ide.mcu.externaltools.gnu-tools-for-stm32.7-2018-q2-update.win32_1.4.0.202007081208/tools/bin/../lib/gcc/arm-none-eabi/7.3.1/../../../../arm-none-eabi/lib/thumb/v7e-m/fpv4-sp/hard\libnosys.a
END GROUP
START GROUP
LOAD e:/stm32cubeide/cubeide/stm32cubeide_1.4.0/stm32cubeide/plugins/com.st.stm32cube.ide.mcu.externaltools.gnu-tools-for-stm32.7-2018-q2-update.win32_1.4.0.202007081208/tools/bin/../lib/gcc/arm-none-eabi/7.3.1/thumb/v7e-m/fpv4-sp/hard\libgcc.a
LOAD e:/stm32cubeide/cubeide/stm32cubeide_1.4.0/stm32cubeide/plugins/com.st.stm32cube.ide.mcu.externaltools.gnu-tools-for-stm32.7-2018-q2-update.win32_1.4.0.202007081208/tools/bin/../lib/gcc/arm-none-eabi/7.3.1/../../../../arm-none-eabi/lib/thumb/v7e-m/fpv4-sp/hard\libc_nano.a
LOAD e:/stm32cubeide/cubeide/stm32cubeide_1.4.0/stm32cubeide/plugins/com.st.stm32cube.ide.mcu.externaltools.gnu-tools-for-stm32.7-2018-q2-update.win32_1.4.0.202007081208/tools/bin/../lib/gcc/arm-none-eabi/7.3.1/../../../../arm-none-eabi/lib/thumb/v7e-m/fpv4-sp/hard\libnosys.a
END GROUP
LOAD e:/stm32cubeide/cubeide/stm32cubeide_1.4.0/stm32cubeide/plugins/com.st.stm32cube.ide.mcu.externaltools.gnu-tools-for-stm32.7-2018-q2-update.win32_1.4.0.202007081208/tools/bin/../lib/gcc/arm-none-eabi/7.3.1/thumb/v7e-m/fpv4-sp/hard/crtend.o
LOAD e:/stm32cubeide/cubeide/stm32cubeide_1.4.0/stm32cubeide/plugins/com.st.stm32cube.ide.mcu.externaltools.gnu-tools-for-stm32.7-2018-q2-update.win32_1.4.0.202007081208/tools/bin/../lib/gcc/arm-none-eabi/7.3.1/thumb/v7e-m/fpv4-sp/hard/crtn.o
                0x0000000020020000                _estack = (ORIGIN (RAM) + LENGTH (RAM))
                0x0000000000000200                _Min_Heap_Size = 0x200
                0x0000000000000400                _Min_Stack_Size = 0x400

.isr_vector     0x0000000008000000      0x188
                0x0000000008000000                . = ALIGN (0x4)
 *(.isr_vector)
 .isr_vector    0x0000000008000000      0x188 Core/Startup/startup_stm32f407zgtx.o
                0x0000000008000000                g_pfnVectors
                0x0000000008000188                . = ALIGN (0x4)

.text           0x0000000008000188     0x90d4
                0x0000000008000188                . = ALIGN (0x4)
 *(.text)
 .text          0x0000000008000188       0x40 e:/stm32cubeide/cubeide/stm32cubeide_1.4.0/stm32cubeide/plugins/com.st.stm32cube.ide.mcu.externaltools.gnu-tools-for-stm32.7-2018-q2-update.win32_1.4.0.202007081208/tools/bin/../lib/gcc/arm-none-eabi/7.3.1/thumb/v7e-m/fpv4-sp/hard/crtbegin.o
 .text          0x00000000080001c8       0x10 e:/stm32cubeide/cubeide/stm32cubeide_1.4.0/stm32cubeide/plugins/com.st.stm32cube.ide.mcu.externaltools.gnu-tools-for-stm32.7-2018-q2-update.win32_1.4.0.202007081208/tools/bin/../lib/gcc/arm-none-eabi/7.3.1/../../../../arm-none-eabi/lib/thumb/v7e-m/fpv4-sp/hard\libc_nano.a(lib_a-strlen.o)
                0x00000000080001c8                strlen
 .text          0x00000000080001d8      0x378 e:/stm32cubeide/cubeide/stm32cubeide_1.4.0/stm32cubeide/plugins/com.st.stm32cube.ide.mcu.externaltools.gnu-tools-for-stm32.7-2018-q2-update.win32_1.4.0.202007081208/tools/bin/../lib/gcc/arm-none-eabi/7.3.1/thumb/v7e-m/fpv4-sp/hard\libgcc.a(_arm_addsubdf3.o)
                0x00000000080001d8                __aeabi_drsub
                0x00000000080001e0                __aeabi_dsub
                0x00000000080001e0                __subdf3
                0x00000000080001e4                __aeabi_dadd
                0x00000000080001e4                __adddf3
                0x000000000800045c                __floatunsidf
                0x000000000800045c                __aeabi_ui2d
                0x000000000800047c                __floatsidf
                0x000000000800047c                __aeabi_i2d
                0x00000000080004a0                __aeabi_f2d
                0x00000000080004a0                __extendsfdf2
                0x00000000080004e4                __floatundidf
                0x00000000080004e4                __aeabi_ul2d
                0x00000000080004f4                __floatdidf
                0x00000000080004f4                __aeabi_l2d
 .text          0x0000000008000550      0x424 e:/stm32cubeide/cubeide/stm32cubeide_1.4.0/stm32cubeide/plugins/com.st.stm32cube.ide.mcu.externaltools.gnu-tools-for-stm32.7-2018-q2-update.win32_1.4.0.202007081208/tools/bin/../lib/gcc/arm-none-eabi/7.3.1/thumb/v7e-m/fpv4-sp/hard\libgcc.a(_arm_muldivdf3.o)
                0x0000000008000550                __aeabi_dmul
                0x0000000008000550                __muldf3
                0x00000000080007a4                __divdf3
                0x00000000080007a4                __aeabi_ddiv
 .text          0x0000000008000974      0x110 e:/stm32cubeide/cubeide/stm32cubeide_1.4.0/stm32cubeide/plugins/com.st.stm32cube.ide.mcu.externaltools.gnu-tools-for-stm32.7-2018-q2-update.win32_1.4.0.202007081208/tools/bin/../lib/gcc/arm-none-eabi/7.3.1/thumb/v7e-m/fpv4-sp/hard\libgcc.a(_arm_cmpdf2.o)
                0x0000000008000974                __gtdf2
                0x0000000008000974                __gedf2
                0x000000000800097c                __ltdf2
                0x000000000800097c                __ledf2
                0x0000000008000984                __nedf2
                0x0000000008000984                __eqdf2
                0x0000000008000984                __cmpdf2
                0x0000000008000a00                __aeabi_cdrcmple
                0x0000000008000a10                __aeabi_cdcmpeq
                0x0000000008000a10                __aeabi_cdcmple
                0x0000000008000a20                __aeabi_dcmpeq
                0x0000000008000a34                __aeabi_dcmplt
                0x0000000008000a48                __aeabi_dcmple
                0x0000000008000a5c                __aeabi_dcmpge
                0x0000000008000a70                __aeabi_dcmpgt
 .text          0x0000000008000a84       0x2c e:/stm32cubeide/cubeide/stm32cubeide_1.4.0/stm32cubeide/plugins/com.st.stm32cube.ide.mcu.externaltools.gnu-tools-for-stm32.7-2018-q2-update.win32_1.4.0.202007081208/tools/bin/../lib/gcc/arm-none-eabi/7.3.1/thumb/v7e-m/fpv4-sp/hard\libgcc.a(_arm_unorddf2.o)
                0x0000000008000a84                __unorddf2
                0x0000000008000a84                __aeabi_dcmpun
 .text          0x0000000008000ab0       0x50 e:/stm32cubeide/cubeide/stm32cubeide_1.4.0/stm32cubeide/plugins/com.st.stm32cube.ide.mcu.externaltools.gnu-tools-for-stm32.7-2018-q2-update.win32_1.4.0.202007081208/tools/bin/../lib/gcc/arm-none-eabi/7.3.1/thumb/v7e-m/fpv4-sp/hard\libgcc.a(_arm_fixdfsi.o)
                0x0000000008000ab0                __aeabi_d2iz
                0x0000000008000ab0                __fixdfsi
 .text          0x0000000008000b00       0xa0 e:/stm32cubeide/cubeide/stm32cubeide_1.4.0/stm32cubeide/plugins/com.st.stm32cube.ide.mcu.externaltools.gnu-tools-for-stm32.7-2018-q2-update.win32_1.4.0.202007081208/tools/bin/../lib/gcc/arm-none-eabi/7.3.1/thumb/v7e-m/fpv4-sp/hard\libgcc.a(_arm_truncdfsf2.o)
                0x0000000008000b00                __truncdfsf2
                0x0000000008000b00                __aeabi_d2f
 .text          0x0000000008000ba0       0x30 e:/stm32cubeide/cubeide/stm32cubeide_1.4.0/stm32cubeide/plugins/com.st.stm32cube.ide.mcu.externaltools.gnu-tools-for-stm32.7-2018-q2-update.win32_1.4.0.202007081208/tools/bin/../lib/gcc/arm-none-eabi/7.3.1/thumb/v7e-m/fpv4-sp/hard\libgcc.a(_aeabi_uldivmod.o)
                0x0000000008000ba0                __aeabi_uldivmod
 .text          0x0000000008000bd0      0x2cc e:/stm32cubeide/cubeide/stm32cubeide_1.4.0/stm32cubeide/plugins/com.st.stm32cube.ide.mcu.externaltools.gnu-tools-for-stm32.7-2018-q2-update.win32_1.4.0.202007081208/tools/bin/../lib/gcc/arm-none-eabi/7.3.1/thumb/v7e-m/fpv4-sp/hard\libgcc.a(_udivmoddi4.o)
                0x0000000008000bd0                __udivmoddi4
 .text          0x0000000008000e9c        0x4 e:/stm32cubeide/cubeide/stm32cubeide_1.4.0/stm32cubeide/plugins/com.st.stm32cube.ide.mcu.externaltools.gnu-tools-for-stm32.7-2018-q2-update.win32_1.4.0.202007081208/tools/bin/../lib/gcc/arm-none-eabi/7.3.1/thumb/v7e-m/fpv4-sp/hard\libgcc.a(_dvmd_tls.o)
                0x0000000008000e9c                __aeabi_idiv0
                0x0000000008000e9c                __aeabi_ldiv0
 *(.text*)
 .text.MX_DMA_Init
                0x0000000008000ea0       0x7c Core/Src/dma.o
                0x0000000008000ea0                MX_DMA_Init
 .text.FLAME_A_PUT
                0x0000000008000f1c       0xe4 Core/Src/flame.o
                0x0000000008000f1c                FLAME_A_PUT
 .text.FLAME_B_PUT
                0x0000000008001000       0xa0 Core/Src/flame.o
                0x0000000008001000                FLAME_B_PUT
 .text.FLAME_C_PUT
                0x00000000080010a0       0xf0 Core/Src/flame.o
                0x00000000080010a0                FLAME_C_PUT
 .text.MX_GPIO_Init
                0x0000000008001190      0x3cc Core/Src/gpio.o
                0x0000000008001190                MX_GPIO_Init
 .text.main     0x000000000800155c       0x84 Core/Src/main.o
                0x000000000800155c                main
 .text.SystemClock_Config
                0x00000000080015e0       0xd4 Core/Src/main.o
                0x00000000080015e0                SystemClock_Config
 .text.HAL_TIM_PeriodElapsedCallback
                0x00000000080016b4      0x4d4 Core/Src/main.o
                0x00000000080016b4                HAL_TIM_PeriodElapsedCallback
 .text.Error_Handler
                0x0000000008001b88        0xe Core/Src/main.o
                0x0000000008001b88                Error_Handler
 *fill*         0x0000000008001b96        0x2 
 .text.usartReceiveOneData
                0x0000000008001b98       0xa4 Core/Src/mbotLinuxUsart.o
                0x0000000008001b98                usartReceiveOneData
 .text.usartSendData
                0x0000000008001c3c      0x140 Core/Src/mbotLinuxUsart.o
                0x0000000008001c3c                usartSendData
 .text.USART_Send_String
                0x0000000008001d7c       0x58 Core/Src/mbotLinuxUsart.o
                0x0000000008001d7c                USART_Send_String
 .text.getCrc8  0x0000000008001dd4       0x6a Core/Src/mbotLinuxUsart.o
                0x0000000008001dd4                getCrc8
 .text.go_or_back_L_1
                0x0000000008001e3e       0x4e Core/Src/motor_l1.o
                0x0000000008001e3e                go_or_back_L_1
 .text.Motor_L_1
                0x0000000008001e8c       0x70 Core/Src/motor_l1.o
                0x0000000008001e8c                Motor_L_1
 *fill*         0x0000000008001efc        0x4 
 .text.contol_L_1
                0x0000000008001f00      0x280 Core/Src/motor_l1.o
                0x0000000008001f00                contol_L_1
 .text.PID_Calc_L_1
                0x0000000008002180       0xe4 Core/Src/motor_l1.o
                0x0000000008002180                PID_Calc_L_1
 .text.go_or_back_L_2
                0x0000000008002264       0x4e Core/Src/motor_l2.o
                0x0000000008002264                go_or_back_L_2
 *fill*         0x00000000080022b2        0x2 
 .text.Motor_L_2
                0x00000000080022b4       0x6c Core/Src/motor_l2.o
                0x00000000080022b4                Motor_L_2
 .text.contol_L_2
                0x0000000008002320      0x288 Core/Src/motor_l2.o
                0x0000000008002320                contol_L_2
 .text.PID_Calc_L_2
                0x00000000080025a8       0xe4 Core/Src/motor_l2.o
                0x00000000080025a8                PID_Calc_L_2
 .text.go_or_back_R_1
                0x000000000800268c       0x4e Core/Src/motor_r1.o
                0x000000000800268c                go_or_back_R_1
 *fill*         0x00000000080026da        0x2 
 .text.Motor_R_1
                0x00000000080026dc       0x70 Core/Src/motor_r1.o
                0x00000000080026dc                Motor_R_1
 *fill*         0x000000000800274c        0x4 
 .text.contol_R_1
                0x0000000008002750      0x288 Core/Src/motor_r1.o
                0x0000000008002750                contol_R_1
 .text.PID_Calc_R_1
                0x00000000080029d8       0xe4 Core/Src/motor_r1.o
                0x00000000080029d8                PID_Calc_R_1
 .text.go_or_back_R_2
                0x0000000008002abc       0x4e Core/Src/motor_r2.o
                0x0000000008002abc                go_or_back_R_2
 *fill*         0x0000000008002b0a        0x2 
 .text.Motor_R_2
                0x0000000008002b0c       0x70 Core/Src/motor_r2.o
                0x0000000008002b0c                Motor_R_2
 *fill*         0x0000000008002b7c        0x4 
 .text.contol_R_2
                0x0000000008002b80      0x288 Core/Src/motor_r2.o
                0x0000000008002b80                contol_R_2
 .text.PID_Calc_R_2
                0x0000000008002e08       0xe4 Core/Src/motor_r2.o
                0x0000000008002e08                PID_Calc_R_2
 .text.PEOPLE_PUT
                0x0000000008002eec       0x38 Core/Src/people.o
                0x0000000008002eec                PEOPLE_PUT
 .text.SMOK_PUT
                0x0000000008002f24       0x38 Core/Src/smok.o
                0x0000000008002f24                SMOK_PUT
 .text.MX_SPI1_Init
                0x0000000008002f5c       0x6c Core/Src/spi.o
                0x0000000008002f5c                MX_SPI1_Init
 .text.HAL_SPI_MspInit
                0x0000000008002fc8      0x134 Core/Src/spi.o
                0x0000000008002fc8                HAL_SPI_MspInit
 .text.motor_start
                0x00000000080030fc       0x9c Core/Src/start.o
                0x00000000080030fc                motor_start
 .text.HAL_MspInit
                0x0000000008003198       0x50 Core/Src/stm32f4xx_hal_msp.o
                0x0000000008003198                HAL_MspInit
 .text.NMI_Handler
                0x00000000080031e8        0xe Core/Src/stm32f4xx_it.o
                0x00000000080031e8                NMI_Handler
 .text.HardFault_Handler
                0x00000000080031f6        0x6 Core/Src/stm32f4xx_it.o
                0x00000000080031f6                HardFault_Handler
 .text.MemManage_Handler
                0x00000000080031fc        0x6 Core/Src/stm32f4xx_it.o
                0x00000000080031fc                MemManage_Handler
 .text.BusFault_Handler
                0x0000000008003202        0x6 Core/Src/stm32f4xx_it.o
                0x0000000008003202                BusFault_Handler
 .text.UsageFault_Handler
                0x0000000008003208        0x6 Core/Src/stm32f4xx_it.o
                0x0000000008003208                UsageFault_Handler
 .text.SVC_Handler
                0x000000000800320e        0xe Core/Src/stm32f4xx_it.o
                0x000000000800320e                SVC_Handler
 .text.DebugMon_Handler
                0x000000000800321c        0xe Core/Src/stm32f4xx_it.o
                0x000000000800321c                DebugMon_Handler
 .text.PendSV_Handler
                0x000000000800322a        0xe Core/Src/stm32f4xx_it.o
                0x000000000800322a                PendSV_Handler
 .text.SysTick_Handler
                0x0000000008003238        0xe Core/Src/stm32f4xx_it.o
                0x0000000008003238                SysTick_Handler
 *fill*         0x0000000008003246        0x2 
 .text.DMA1_Stream5_IRQHandler
                0x0000000008003248       0x14 Core/Src/stm32f4xx_it.o
                0x0000000008003248                DMA1_Stream5_IRQHandler
 .text.TIM1_UP_TIM10_IRQHandler
                0x000000000800325c       0x1c Core/Src/stm32f4xx_it.o
                0x000000000800325c                TIM1_UP_TIM10_IRQHandler
 .text.USART3_IRQHandler
                0x0000000008003278       0x14 Core/Src/stm32f4xx_it.o
                0x0000000008003278                USART3_IRQHandler
 .text.TIM8_UP_TIM13_IRQHandler
                0x000000000800328c       0x14 Core/Src/stm32f4xx_it.o
                0x000000000800328c                TIM8_UP_TIM13_IRQHandler
 .text.DMA2_Stream1_IRQHandler
                0x00000000080032a0       0x14 Core/Src/stm32f4xx_it.o
                0x00000000080032a0                DMA2_Stream1_IRQHandler
 .text.DMA2_Stream3_IRQHandler
                0x00000000080032b4       0x14 Core/Src/stm32f4xx_it.o
                0x00000000080032b4                DMA2_Stream3_IRQHandler
 .text._sbrk    0x00000000080032c8       0x6c Core/Src/sysmem.o
                0x00000000080032c8                _sbrk
 .text.SystemInit
                0x0000000008003334       0x2c Core/Src/system_stm32f4xx.o
                0x0000000008003334                SystemInit
 .text.MX_TIM1_Init
                0x0000000008003360       0xa0 Core/Src/tim.o
                0x0000000008003360                MX_TIM1_Init
 .text.MX_TIM2_Init
                0x0000000008003400       0xa8 Core/Src/tim.o
                0x0000000008003400                MX_TIM2_Init
 .text.MX_TIM3_Init
                0x00000000080034a8       0xa8 Core/Src/tim.o
                0x00000000080034a8                MX_TIM3_Init
 .text.MX_TIM4_Init
                0x0000000008003550       0xa8 Core/Src/tim.o
                0x0000000008003550                MX_TIM4_Init
 .text.MX_TIM5_Init
                0x00000000080035f8      0x118 Core/Src/tim.o
                0x00000000080035f8                MX_TIM5_Init
 .text.MX_TIM6_Init
                0x0000000008003710       0x6c Core/Src/tim.o
                0x0000000008003710                MX_TIM6_Init
 .text.MX_TIM7_Init
                0x000000000800377c       0x6c Core/Src/tim.o
                0x000000000800377c                MX_TIM7_Init
 .text.MX_TIM8_Init
                0x00000000080037e8       0xb0 Core/Src/tim.o
                0x00000000080037e8                MX_TIM8_Init
 .text.MX_TIM9_Init
                0x0000000008003898       0xd8 Core/Src/tim.o
                0x0000000008003898                MX_TIM9_Init
 .text.MX_TIM10_Init
                0x0000000008003970       0x48 Core/Src/tim.o
                0x0000000008003970                MX_TIM10_Init
 .text.MX_TIM11_Init
                0x00000000080039b8       0x48 Core/Src/tim.o
                0x00000000080039b8                MX_TIM11_Init
 .text.HAL_TIM_Base_MspInit
                0x0000000008003a00      0x168 Core/Src/tim.o
                0x0000000008003a00                HAL_TIM_Base_MspInit
 .text.HAL_TIM_Encoder_MspInit
                0x0000000008003b68      0x254 Core/Src/tim.o
                0x0000000008003b68                HAL_TIM_Encoder_MspInit
 .text.HAL_TIM_MspPostInit
                0x0000000008003dbc       0xc4 Core/Src/tim.o
                0x0000000008003dbc                HAL_TIM_MspPostInit
 .text.MX_USART2_UART_Init
                0x0000000008003e80       0x54 Core/Src/usart.o
                0x0000000008003e80                MX_USART2_UART_Init
 .text.MX_USART3_UART_Init
                0x0000000008003ed4       0x54 Core/Src/usart.o
                0x0000000008003ed4                MX_USART3_UART_Init
 .text.MX_USART6_UART_Init
                0x0000000008003f28       0x54 Core/Src/usart.o
                0x0000000008003f28                MX_USART6_UART_Init
 .text.HAL_UART_MspInit
                0x0000000008003f7c      0x244 Core/Src/usart.o
                0x0000000008003f7c                HAL_UART_MspInit
 .text.Reset_Handler
                0x00000000080041c0       0x50 Core/Startup/startup_stm32f407zgtx.o
                0x00000000080041c0                Reset_Handler
 .text.Default_Handler
                0x0000000008004210        0x2 Core/Startup/startup_stm32f407zgtx.o
                0x0000000008004210                RTC_Alarm_IRQHandler
                0x0000000008004210                HASH_RNG_IRQHandler
                0x0000000008004210                EXTI2_IRQHandler
                0x0000000008004210                TIM8_CC_IRQHandler
                0x0000000008004210                TIM1_CC_IRQHandler
                0x0000000008004210                DMA2_Stream5_IRQHandler
                0x0000000008004210                PVD_IRQHandler
                0x0000000008004210                SDIO_IRQHandler
                0x0000000008004210                TAMP_STAMP_IRQHandler
                0x0000000008004210                CAN2_RX1_IRQHandler
                0x0000000008004210                EXTI3_IRQHandler
                0x0000000008004210                TIM8_TRG_COM_TIM14_IRQHandler
                0x0000000008004210                I2C3_ER_IRQHandler
                0x0000000008004210                EXTI0_IRQHandler
                0x0000000008004210                I2C2_EV_IRQHandler
                0x0000000008004210                DMA1_Stream2_IRQHandler
                0x0000000008004210                CAN1_RX0_IRQHandler
                0x0000000008004210                FPU_IRQHandler
                0x0000000008004210                OTG_HS_WKUP_IRQHandler
                0x0000000008004210                CAN2_SCE_IRQHandler
                0x0000000008004210                DMA2_Stream2_IRQHandler
                0x0000000008004210                SPI1_IRQHandler
                0x0000000008004210                TIM6_DAC_IRQHandler
                0x0000000008004210                TIM1_BRK_TIM9_IRQHandler
                0x0000000008004210                DCMI_IRQHandler
                0x0000000008004210                CAN2_RX0_IRQHandler
                0x0000000008004210                USART6_IRQHandler
                0x0000000008004210                CAN1_RX1_IRQHandler
                0x0000000008004210                UART5_IRQHandler
                0x0000000008004210                DMA2_Stream0_IRQHandler
                0x0000000008004210                TIM4_IRQHandler
                0x0000000008004210                I2C1_EV_IRQHandler
                0x0000000008004210                DMA1_Stream6_IRQHandler
                0x0000000008004210                DMA1_Stream1_IRQHandler
                0x0000000008004210                UART4_IRQHandler
                0x0000000008004210                TIM3_IRQHandler
                0x0000000008004210                RCC_IRQHandler
                0x0000000008004210                TIM8_BRK_TIM12_IRQHandler
                0x0000000008004210                Default_Handler
                0x0000000008004210                EXTI15_10_IRQHandler
                0x0000000008004210                ADC_IRQHandler
                0x0000000008004210                DMA1_Stream7_IRQHandler
                0x0000000008004210                TIM7_IRQHandler
                0x0000000008004210                CAN2_TX_IRQHandler
                0x0000000008004210                TIM5_IRQHandler
                0x0000000008004210                DMA2_Stream7_IRQHandler
                0x0000000008004210                I2C3_EV_IRQHandler
                0x0000000008004210                EXTI9_5_IRQHandler
                0x0000000008004210                RTC_WKUP_IRQHandler
                0x0000000008004210                ETH_WKUP_IRQHandler
                0x0000000008004210                SPI2_IRQHandler
                0x0000000008004210                OTG_HS_EP1_IN_IRQHandler
                0x0000000008004210                DMA1_Stream0_IRQHandler
                0x0000000008004210                CAN1_TX_IRQHandler
                0x0000000008004210                EXTI4_IRQHandler
                0x0000000008004210                FSMC_IRQHandler
                0x0000000008004210                ETH_IRQHandler
                0x0000000008004210                OTG_HS_EP1_OUT_IRQHandler
                0x0000000008004210                WWDG_IRQHandler
                0x0000000008004210                TIM2_IRQHandler
                0x0000000008004210                OTG_FS_WKUP_IRQHandler
                0x0000000008004210                TIM1_TRG_COM_TIM11_IRQHandler
                0x0000000008004210                OTG_HS_IRQHandler
                0x0000000008004210                EXTI1_IRQHandler
                0x0000000008004210                USART2_IRQHandler
                0x0000000008004210                I2C2_ER_IRQHandler
                0x0000000008004210                CAN1_SCE_IRQHandler
                0x0000000008004210                FLASH_IRQHandler
                0x0000000008004210                DMA2_Stream4_IRQHandler
                0x0000000008004210                USART1_IRQHandler
                0x0000000008004210                OTG_FS_IRQHandler
                0x0000000008004210                SPI3_IRQHandler
                0x0000000008004210                DMA1_Stream4_IRQHandler
                0x0000000008004210                I2C1_ER_IRQHandler
                0x0000000008004210                DMA2_Stream6_IRQHandler
                0x0000000008004210                DMA1_Stream3_IRQHandler
 *fill*         0x0000000008004212        0x2 
 .text.HAL_Init
                0x0000000008004214       0x44 Drivers/STM32F4xx_HAL_Driver/Src/stm32f4xx_hal.o
                0x0000000008004214                HAL_Init
 .text.HAL_InitTick
                0x0000000008004258       0x60 Drivers/STM32F4xx_HAL_Driver/Src/stm32f4xx_hal.o
                0x0000000008004258                HAL_InitTick
 .text.HAL_GetTick
                0x00000000080042b8       0x18 Drivers/STM32F4xx_HAL_Driver/Src/stm32f4xx_hal.o
                0x00000000080042b8                HAL_GetTick
 .text.__NVIC_SetPriorityGrouping
                0x00000000080042d0       0x48 Drivers/STM32F4xx_HAL_Driver/Src/stm32f4xx_hal_cortex.o
 .text.__NVIC_GetPriorityGrouping
                0x0000000008004318       0x1c Drivers/STM32F4xx_HAL_Driver/Src/stm32f4xx_hal_cortex.o
 .text.__NVIC_EnableIRQ
                0x0000000008004334       0x3c Drivers/STM32F4xx_HAL_Driver/Src/stm32f4xx_hal_cortex.o
 .text.__NVIC_SetPriority
                0x0000000008004370       0x54 Drivers/STM32F4xx_HAL_Driver/Src/stm32f4xx_hal_cortex.o
 .text.NVIC_EncodePriority
                0x00000000080043c4       0x66 Drivers/STM32F4xx_HAL_Driver/Src/stm32f4xx_hal_cortex.o
 *fill*         0x000000000800442a        0x2 
 .text.SysTick_Config
                0x000000000800442c       0x44 Drivers/STM32F4xx_HAL_Driver/Src/stm32f4xx_hal_cortex.o
 .text.HAL_NVIC_SetPriorityGrouping
                0x0000000008004470       0x16 Drivers/STM32F4xx_HAL_Driver/Src/stm32f4xx_hal_cortex.o
                0x0000000008004470                HAL_NVIC_SetPriorityGrouping
 .text.HAL_NVIC_SetPriority
                0x0000000008004486       0x38 Drivers/STM32F4xx_HAL_Driver/Src/stm32f4xx_hal_cortex.o
                0x0000000008004486                HAL_NVIC_SetPriority
 .text.HAL_NVIC_EnableIRQ
                0x00000000080044be       0x1c Drivers/STM32F4xx_HAL_Driver/Src/stm32f4xx_hal_cortex.o
                0x00000000080044be                HAL_NVIC_EnableIRQ
 .text.HAL_SYSTICK_Config
                0x00000000080044da       0x18 Drivers/STM32F4xx_HAL_Driver/Src/stm32f4xx_hal_cortex.o
                0x00000000080044da                HAL_SYSTICK_Config
 *fill*         0x00000000080044f2        0x2 
 .text.HAL_DMA_Init
                0x00000000080044f4      0x15c Drivers/STM32F4xx_HAL_Driver/Src/stm32f4xx_hal_dma.o
                0x00000000080044f4                HAL_DMA_Init
 .text.HAL_DMA_Start_IT
                0x0000000008004650       0xb0 Drivers/STM32F4xx_HAL_Driver/Src/stm32f4xx_hal_dma.o
                0x0000000008004650                HAL_DMA_Start_IT
 .text.HAL_DMA_Abort_IT
                0x0000000008004700       0x44 Drivers/STM32F4xx_HAL_Driver/Src/stm32f4xx_hal_dma.o
                0x0000000008004700                HAL_DMA_Abort_IT
 .text.HAL_DMA_IRQHandler
                0x0000000008004744      0x314 Drivers/STM32F4xx_HAL_Driver/Src/stm32f4xx_hal_dma.o
                0x0000000008004744                HAL_DMA_IRQHandler
 .text.DMA_SetConfig
                0x0000000008004a58       0x5c Drivers/STM32F4xx_HAL_Driver/Src/stm32f4xx_hal_dma.o
 .text.DMA_CalcBaseAndBitshift
                0x0000000008004ab4       0x6c Drivers/STM32F4xx_HAL_Driver/Src/stm32f4xx_hal_dma.o
 .text.DMA_CheckFifoParam
                0x0000000008004b20       0xf4 Drivers/STM32F4xx_HAL_Driver/Src/stm32f4xx_hal_dma.o
 .text.HAL_GPIO_Init
                0x0000000008004c14      0x334 Drivers/STM32F4xx_HAL_Driver/Src/stm32f4xx_hal_gpio.o
                0x0000000008004c14                HAL_GPIO_Init
 .text.HAL_GPIO_ReadPin
                0x0000000008004f48       0x30 Drivers/STM32F4xx_HAL_Driver/Src/stm32f4xx_hal_gpio.o
                0x0000000008004f48                HAL_GPIO_ReadPin
 .text.HAL_GPIO_WritePin
                0x0000000008004f78       0x32 Drivers/STM32F4xx_HAL_Driver/Src/stm32f4xx_hal_gpio.o
                0x0000000008004f78                HAL_GPIO_WritePin
 *fill*         0x0000000008004faa        0x2 
 .text.HAL_RCC_OscConfig
                0x0000000008004fac      0x4e0 Drivers/STM32F4xx_HAL_Driver/Src/stm32f4xx_hal_rcc.o
                0x0000000008004fac                HAL_RCC_OscConfig
 .text.HAL_RCC_ClockConfig
                0x000000000800548c      0x1cc Drivers/STM32F4xx_HAL_Driver/Src/stm32f4xx_hal_rcc.o
                0x000000000800548c                HAL_RCC_ClockConfig
 .text.HAL_RCC_GetSysClockFreq
                0x0000000008005658      0x164 Drivers/STM32F4xx_HAL_Driver/Src/stm32f4xx_hal_rcc.o
                0x0000000008005658                HAL_RCC_GetSysClockFreq
 .text.HAL_RCC_GetHCLKFreq
                0x00000000080057bc       0x18 Drivers/STM32F4xx_HAL_Driver/Src/stm32f4xx_hal_rcc.o
                0x00000000080057bc                HAL_RCC_GetHCLKFreq
 .text.HAL_RCC_GetPCLK1Freq
                0x00000000080057d4       0x28 Drivers/STM32F4xx_HAL_Driver/Src/stm32f4xx_hal_rcc.o
                0x00000000080057d4                HAL_RCC_GetPCLK1Freq
 .text.HAL_RCC_GetPCLK2Freq
                0x00000000080057fc       0x28 Drivers/STM32F4xx_HAL_Driver/Src/stm32f4xx_hal_rcc.o
                0x00000000080057fc                HAL_RCC_GetPCLK2Freq
 .text.HAL_SPI_Init
                0x0000000008005824       0xc8 Drivers/STM32F4xx_HAL_Driver/Src/stm32f4xx_hal_spi.o
                0x0000000008005824                HAL_SPI_Init
 .text.HAL_TIM_Base_Init
                0x00000000080058ec       0x56 Drivers/STM32F4xx_HAL_Driver/Src/stm32f4xx_hal_tim.o
                0x00000000080058ec                HAL_TIM_Base_Init
 .text.HAL_TIM_Base_Start_IT
                0x0000000008005942       0x48 Drivers/STM32F4xx_HAL_Driver/Src/stm32f4xx_hal_tim.o
                0x0000000008005942                HAL_TIM_Base_Start_IT
 .text.HAL_TIM_PWM_Init
                0x000000000800598a       0x56 Drivers/STM32F4xx_HAL_Driver/Src/stm32f4xx_hal_tim.o
                0x000000000800598a                HAL_TIM_PWM_Init
 .text.HAL_TIM_PWM_MspInit
                0x00000000080059e0       0x14 Drivers/STM32F4xx_HAL_Driver/Src/stm32f4xx_hal_tim.o
                0x00000000080059e0                HAL_TIM_PWM_MspInit
 .text.HAL_TIM_PWM_Start
                0x00000000080059f4       0x7c Drivers/STM32F4xx_HAL_Driver/Src/stm32f4xx_hal_tim.o
                0x00000000080059f4                HAL_TIM_PWM_Start
 .text.HAL_TIM_Encoder_Init
                0x0000000008005a70      0x124 Drivers/STM32F4xx_HAL_Driver/Src/stm32f4xx_hal_tim.o
                0x0000000008005a70                HAL_TIM_Encoder_Init
 .text.HAL_TIM_Encoder_Start
                0x0000000008005b94       0x6e Drivers/STM32F4xx_HAL_Driver/Src/stm32f4xx_hal_tim.o
                0x0000000008005b94                HAL_TIM_Encoder_Start
 .text.HAL_TIM_Encoder_Stop
                0x0000000008005c02       0x8e Drivers/STM32F4xx_HAL_Driver/Src/stm32f4xx_hal_tim.o
                0x0000000008005c02                HAL_TIM_Encoder_Stop
 .text.HAL_TIM_IRQHandler
                0x0000000008005c90      0x210 Drivers/STM32F4xx_HAL_Driver/Src/stm32f4xx_hal_tim.o
                0x0000000008005c90                HAL_TIM_IRQHandler
 .text.HAL_TIM_PWM_ConfigChannel
                0x0000000008005ea0      0x18c Drivers/STM32F4xx_HAL_Driver/Src/stm32f4xx_hal_tim.o
                0x0000000008005ea0                HAL_TIM_PWM_ConfigChannel
 .text.HAL_TIM_ConfigClockSource
                0x000000000800602c      0x16e Drivers/STM32F4xx_HAL_Driver/Src/stm32f4xx_hal_tim.o
                0x000000000800602c                HAL_TIM_ConfigClockSource
 .text.HAL_TIM_OC_DelayElapsedCallback
                0x000000000800619a       0x14 Drivers/STM32F4xx_HAL_Driver/Src/stm32f4xx_hal_tim.o
                0x000000000800619a                HAL_TIM_OC_DelayElapsedCallback
 .text.HAL_TIM_IC_CaptureCallback
                0x00000000080061ae       0x14 Drivers/STM32F4xx_HAL_Driver/Src/stm32f4xx_hal_tim.o
                0x00000000080061ae                HAL_TIM_IC_CaptureCallback
 .text.HAL_TIM_PWM_PulseFinishedCallback
                0x00000000080061c2       0x14 Drivers/STM32F4xx_HAL_Driver/Src/stm32f4xx_hal_tim.o
                0x00000000080061c2                HAL_TIM_PWM_PulseFinishedCallback
 .text.HAL_TIM_TriggerCallback
                0x00000000080061d6       0x14 Drivers/STM32F4xx_HAL_Driver/Src/stm32f4xx_hal_tim.o
                0x00000000080061d6                HAL_TIM_TriggerCallback
 *fill*         0x00000000080061ea        0x2 
 .text.TIM_Base_SetConfig
                0x00000000080061ec      0x140 Drivers/STM32F4xx_HAL_Driver/Src/stm32f4xx_hal_tim.o
                0x00000000080061ec                TIM_Base_SetConfig
 .text.TIM_OC1_SetConfig
                0x000000000800632c       0xe0 Drivers/STM32F4xx_HAL_Driver/Src/stm32f4xx_hal_tim.o
 .text.TIM_OC2_SetConfig
                0x000000000800640c       0xec Drivers/STM32F4xx_HAL_Driver/Src/stm32f4xx_hal_tim.o
                0x000000000800640c                TIM_OC2_SetConfig
 .text.TIM_OC3_SetConfig
                0x00000000080064f8       0xe8 Drivers/STM32F4xx_HAL_Driver/Src/stm32f4xx_hal_tim.o
 .text.TIM_OC4_SetConfig
                0x00000000080065e0       0xac Drivers/STM32F4xx_HAL_Driver/Src/stm32f4xx_hal_tim.o
 .text.TIM_TI1_ConfigInputStage
                0x000000000800668c       0x5e Drivers/STM32F4xx_HAL_Driver/Src/stm32f4xx_hal_tim.o
 .text.TIM_TI2_ConfigInputStage
                0x00000000080066ea       0x60 Drivers/STM32F4xx_HAL_Driver/Src/stm32f4xx_hal_tim.o
 .text.TIM_ITRx_SetConfig
                0x000000000800674a       0x36 Drivers/STM32F4xx_HAL_Driver/Src/stm32f4xx_hal_tim.o
 .text.TIM_ETR_SetConfig
                0x0000000008006780       0x40 Drivers/STM32F4xx_HAL_Driver/Src/stm32f4xx_hal_tim.o
                0x0000000008006780                TIM_ETR_SetConfig
 .text.TIM_CCxChannelCmd
                0x00000000080067c0       0x4a Drivers/STM32F4xx_HAL_Driver/Src/stm32f4xx_hal_tim.o
                0x00000000080067c0                TIM_CCxChannelCmd
 *fill*         0x000000000800680a        0x2 
 .text.HAL_TIMEx_MasterConfigSynchronization
                0x000000000800680c       0xf8 Drivers/STM32F4xx_HAL_Driver/Src/stm32f4xx_hal_tim_ex.o
                0x000000000800680c                HAL_TIMEx_MasterConfigSynchronization
 .text.HAL_TIMEx_CommutCallback
                0x0000000008006904       0x14 Drivers/STM32F4xx_HAL_Driver/Src/stm32f4xx_hal_tim_ex.o
                0x0000000008006904                HAL_TIMEx_CommutCallback
 .text.HAL_TIMEx_BreakCallback
                0x0000000008006918       0x14 Drivers/STM32F4xx_HAL_Driver/Src/stm32f4xx_hal_tim_ex.o
                0x0000000008006918                HAL_TIMEx_BreakCallback
 .text.HAL_UART_Init
                0x000000000800692c       0x9a Drivers/STM32F4xx_HAL_Driver/Src/stm32f4xx_hal_uart.o
                0x000000000800692c                HAL_UART_Init
 *fill*         0x00000000080069c6        0x2 
 .text.HAL_UART_Receive_DMA
                0x00000000080069c8      0x100 Drivers/STM32F4xx_HAL_Driver/Src/stm32f4xx_hal_uart.o
                0x00000000080069c8                HAL_UART_Receive_DMA
 .text.HAL_UART_IRQHandler
                0x0000000008006ac8      0x200 Drivers/STM32F4xx_HAL_Driver/Src/stm32f4xx_hal_uart.o
                0x0000000008006ac8                HAL_UART_IRQHandler
 .text.HAL_UART_TxCpltCallback
                0x0000000008006cc8       0x14 Drivers/STM32F4xx_HAL_Driver/Src/stm32f4xx_hal_uart.o
                0x0000000008006cc8                HAL_UART_TxCpltCallback
 .text.HAL_UART_RxCpltCallback
                0x0000000008006cdc       0x14 Drivers/STM32F4xx_HAL_Driver/Src/stm32f4xx_hal_uart.o
                0x0000000008006cdc                HAL_UART_RxCpltCallback
 .text.HAL_UART_RxHalfCpltCallback
                0x0000000008006cf0       0x14 Drivers/STM32F4xx_HAL_Driver/Src/stm32f4xx_hal_uart.o
                0x0000000008006cf0                HAL_UART_RxHalfCpltCallback
 .text.HAL_UART_ErrorCallback
                0x0000000008006d04       0x14 Drivers/STM32F4xx_HAL_Driver/Src/stm32f4xx_hal_uart.o
                0x0000000008006d04                HAL_UART_ErrorCallback
 .text.UART_DMAReceiveCplt
                0x0000000008006d18       0x68 Drivers/STM32F4xx_HAL_Driver/Src/stm32f4xx_hal_uart.o
 .text.UART_DMARxHalfCplt
                0x0000000008006d80       0x1c Drivers/STM32F4xx_HAL_Driver/Src/stm32f4xx_hal_uart.o
 .text.UART_DMAError
                0x0000000008006d9c       0x94 Drivers/STM32F4xx_HAL_Driver/Src/stm32f4xx_hal_uart.o
 .text.UART_EndTxTransfer
                0x0000000008006e30       0x2c Drivers/STM32F4xx_HAL_Driver/Src/stm32f4xx_hal_uart.o
 .text.UART_EndRxTransfer
                0x0000000008006e5c       0x3c Drivers/STM32F4xx_HAL_Driver/Src/stm32f4xx_hal_uart.o
 .text.UART_DMAAbortOnError
                0x0000000008006e98       0x28 Drivers/STM32F4xx_HAL_Driver/Src/stm32f4xx_hal_uart.o
 .text.UART_Transmit_IT
                0x0000000008006ec0       0xac Drivers/STM32F4xx_HAL_Driver/Src/stm32f4xx_hal_uart.o
 .text.UART_EndTransmit_IT
                0x0000000008006f6c       0x30 Drivers/STM32F4xx_HAL_Driver/Src/stm32f4xx_hal_uart.o
 .text.UART_Receive_IT
                0x0000000008006f9c      0x102 Drivers/STM32F4xx_HAL_Driver/Src/stm32f4xx_hal_uart.o
 *fill*         0x000000000800709e        0x2 
 .text.UART_SetConfig
                0x00000000080070a0      0x6f8 Drivers/STM32F4xx_HAL_Driver/Src/stm32f4xx_hal_uart.o
 .text.__errno  0x0000000008007798        0xc e:/stm32cubeide/cubeide/stm32cubeide_1.4.0/stm32cubeide/plugins/com.st.stm32cube.ide.mcu.externaltools.gnu-tools-for-stm32.7-2018-q2-update.win32_1.4.0.202007081208/tools/bin/../lib/gcc/arm-none-eabi/7.3.1/../../../../arm-none-eabi/lib/thumb/v7e-m/fpv4-sp/hard\libc_nano.a(lib_a-errno.o)
                0x0000000008007798                __errno
 .text.__libc_init_array
                0x00000000080077a4       0x48 e:/stm32cubeide/cubeide/stm32cubeide_1.4.0/stm32cubeide/plugins/com.st.stm32cube.ide.mcu.externaltools.gnu-tools-for-stm32.7-2018-q2-update.win32_1.4.0.202007081208/tools/bin/../lib/gcc/arm-none-eabi/7.3.1/../../../../arm-none-eabi/lib/thumb/v7e-m/fpv4-sp/hard\libc_nano.a(lib_a-init.o)
                0x00000000080077a4                __libc_init_array
 .text.memset   0x00000000080077ec       0x10 e:/stm32cubeide/cubeide/stm32cubeide_1.4.0/stm32cubeide/plugins/com.st.stm32cube.ide.mcu.externaltools.gnu-tools-for-stm32.7-2018-q2-update.win32_1.4.0.202007081208/tools/bin/../lib/gcc/arm-none-eabi/7.3.1/../../../../arm-none-eabi/lib/thumb/v7e-m/fpv4-sp/hard\libc_nano.a(lib_a-memset.o)
                0x00000000080077ec                memset
 .text.__cvt    0x00000000080077fc       0xc2 e:/stm32cubeide/cubeide/stm32cubeide_1.4.0/stm32cubeide/plugins/com.st.stm32cube.ide.mcu.externaltools.gnu-tools-for-stm32.7-2018-q2-update.win32_1.4.0.202007081208/tools/bin/../lib/gcc/arm-none-eabi/7.3.1/../../../../arm-none-eabi/lib/thumb/v7e-m/fpv4-sp/hard\libc_nano.a(lib_a-nano-vfprintf_float.o)
                0x00000000080077fc                __cvt
 .text.__exponent
                0x00000000080078be       0x66 e:/stm32cubeide/cubeide/stm32cubeide_1.4.0/stm32cubeide/plugins/com.st.stm32cube.ide.mcu.externaltools.gnu-tools-for-stm32.7-2018-q2-update.win32_1.4.0.202007081208/tools/bin/../lib/gcc/arm-none-eabi/7.3.1/../../../../arm-none-eabi/lib/thumb/v7e-m/fpv4-sp/hard\libc_nano.a(lib_a-nano-vfprintf_float.o)
                0x00000000080078be                __exponent
 .text._printf_float
                0x0000000008007924      0x480 e:/stm32cubeide/cubeide/stm32cubeide_1.4.0/stm32cubeide/plugins/com.st.stm32cube.ide.mcu.externaltools.gnu-tools-for-stm32.7-2018-q2-update.win32_1.4.0.202007081208/tools/bin/../lib/gcc/arm-none-eabi/7.3.1/../../../../arm-none-eabi/lib/thumb/v7e-m/fpv4-sp/hard\libc_nano.a(lib_a-nano-vfprintf_float.o)
                0x0000000008007924                _printf_float
 .text._printf_common
                0x0000000008007da4       0xea e:/stm32cubeide/cubeide/stm32cubeide_1.4.0/stm32cubeide/plugins/com.st.stm32cube.ide.mcu.externaltools.gnu-tools-for-stm32.7-2018-q2-update.win32_1.4.0.202007081208/tools/bin/../lib/gcc/arm-none-eabi/7.3.1/../../../../arm-none-eabi/lib/thumb/v7e-m/fpv4-sp/hard\libc_nano.a(lib_a-nano-vfprintf_i.o)
                0x0000000008007da4                _printf_common
 .text.quorem   0x0000000008007e8e      0x118 e:/stm32cubeide/cubeide/stm32cubeide_1.4.0/stm32cubeide/plugins/com.st.stm32cube.ide.mcu.externaltools.gnu-tools-for-stm32.7-2018-q2-update.win32_1.4.0.202007081208/tools/bin/../lib/gcc/arm-none-eabi/7.3.1/../../../../arm-none-eabi/lib/thumb/v7e-m/fpv4-sp/hard\libc_nano.a(lib_a-dtoa.o)
 *fill*         0x0000000008007fa6        0x2 
 .text._dtoa_r  0x0000000008007fa8      0xb70 e:/stm32cubeide/cubeide/stm32cubeide_1.4.0/stm32cubeide/plugins/com.st.stm32cube.ide.mcu.externaltools.gnu-tools-for-stm32.7-2018-q2-update.win32_1.4.0.202007081208/tools/bin/../lib/gcc/arm-none-eabi/7.3.1/../../../../arm-none-eabi/lib/thumb/v7e-m/fpv4-sp/hard\libc_nano.a(lib_a-dtoa.o)
                0x0000000008007fa8                _dtoa_r
 .text._localeconv_r
                0x0000000008008b18       0x1c e:/stm32cubeide/cubeide/stm32cubeide_1.4.0/stm32cubeide/plugins/com.st.stm32cube.ide.mcu.externaltools.gnu-tools-for-stm32.7-2018-q2-update.win32_1.4.0.202007081208/tools/bin/../lib/gcc/arm-none-eabi/7.3.1/../../../../arm-none-eabi/lib/thumb/v7e-m/fpv4-sp/hard\libc_nano.a(lib_a-localeconv.o)
                0x0000000008008b18                _localeconv_r
 .text.malloc   0x0000000008008b34       0x10 e:/stm32cubeide/cubeide/stm32cubeide_1.4.0/stm32cubeide/plugins/com.st.stm32cube.ide.mcu.externaltools.gnu-tools-for-stm32.7-2018-q2-update.win32_1.4.0.202007081208/tools/bin/../lib/gcc/arm-none-eabi/7.3.1/../../../../arm-none-eabi/lib/thumb/v7e-m/fpv4-sp/hard\libc_nano.a(lib_a-malloc.o)
                0x0000000008008b34                malloc
 .text.memcpy   0x0000000008008b44       0x16 e:/stm32cubeide/cubeide/stm32cubeide_1.4.0/stm32cubeide/plugins/com.st.stm32cube.ide.mcu.externaltools.gnu-tools-for-stm32.7-2018-q2-update.win32_1.4.0.202007081208/tools/bin/../lib/gcc/arm-none-eabi/7.3.1/../../../../arm-none-eabi/lib/thumb/v7e-m/fpv4-sp/hard\libc_nano.a(lib_a-memcpy-stub.o)
                0x0000000008008b44                memcpy
 .text._Balloc  0x0000000008008b5a       0x68 e:/stm32cubeide/cubeide/stm32cubeide_1.4.0/stm32cubeide/plugins/com.st.stm32cube.ide.mcu.externaltools.gnu-tools-for-stm32.7-2018-q2-update.win32_1.4.0.202007081208/tools/bin/../lib/gcc/arm-none-eabi/7.3.1/../../../../arm-none-eabi/lib/thumb/v7e-m/fpv4-sp/hard\libc_nano.a(lib_a-mprec.o)
                0x0000000008008b5a                _Balloc
 .text._Bfree   0x0000000008008bc2       0x2e e:/stm32cubeide/cubeide/stm32cubeide_1.4.0/stm32cubeide/plugins/com.st.stm32cube.ide.mcu.externaltools.gnu-tools-for-stm32.7-2018-q2-update.win32_1.4.0.202007081208/tools/bin/../lib/gcc/arm-none-eabi/7.3.1/../../../../arm-none-eabi/lib/thumb/v7e-m/fpv4-sp/hard\libc_nano.a(lib_a-mprec.o)
                0x0000000008008bc2                _Bfree
 .text.__multadd
                0x0000000008008bf0       0x76 e:/stm32cubeide/cubeide/stm32cubeide_1.4.0/stm32cubeide/plugins/com.st.stm32cube.ide.mcu.externaltools.gnu-tools-for-stm32.7-2018-q2-update.win32_1.4.0.202007081208/tools/bin/../lib/gcc/arm-none-eabi/7.3.1/../../../../arm-none-eabi/lib/thumb/v7e-m/fpv4-sp/hard\libc_nano.a(lib_a-mprec.o)
                0x0000000008008bf0                __multadd
 .text.__hi0bits
                0x0000000008008c66       0x3e e:/stm32cubeide/cubeide/stm32cubeide_1.4.0/stm32cubeide/plugins/com.st.stm32cube.ide.mcu.externaltools.gnu-tools-for-stm32.7-2018-q2-update.win32_1.4.0.202007081208/tools/bin/../lib/gcc/arm-none-eabi/7.3.1/../../../../arm-none-eabi/lib/thumb/v7e-m/fpv4-sp/hard\libc_nano.a(lib_a-mprec.o)
                0x0000000008008c66                __hi0bits
 .text.__lo0bits
                0x0000000008008ca4       0x5e e:/stm32cubeide/cubeide/stm32cubeide_1.4.0/stm32cubeide/plugins/com.st.stm32cube.ide.mcu.externaltools.gnu-tools-for-stm32.7-2018-q2-update.win32_1.4.0.202007081208/tools/bin/../lib/gcc/arm-none-eabi/7.3.1/../../../../arm-none-eabi/lib/thumb/v7e-m/fpv4-sp/hard\libc_nano.a(lib_a-mprec.o)
                0x0000000008008ca4                __lo0bits
 .text.__i2b    0x0000000008008d02       0x12 e:/stm32cubeide/cubeide/stm32cubeide_1.4.0/stm32cubeide/plugins/com.st.stm32cube.ide.mcu.externaltools.gnu-tools-for-stm32.7-2018-q2-update.win32_1.4.0.202007081208/tools/bin/../lib/gcc/arm-none-eabi/7.3.1/../../../../arm-none-eabi/lib/thumb/v7e-m/fpv4-sp/hard\libc_nano.a(lib_a-mprec.o)
                0x0000000008008d02                __i2b
 .text.__multiply
                0x0000000008008d14      0x12c e:/stm32cubeide/cubeide/stm32cubeide_1.4.0/stm32cubeide/plugins/com.st.stm32cube.ide.mcu.externaltools.gnu-tools-for-stm32.7-2018-q2-update.win32_1.4.0.202007081208/tools/bin/../lib/gcc/arm-none-eabi/7.3.1/../../../../arm-none-eabi/lib/thumb/v7e-m/fpv4-sp/hard\libc_nano.a(lib_a-mprec.o)
                0x0000000008008d14                __multiply
 .text.__pow5mult
                0x0000000008008e40       0x9c e:/stm32cubeide/cubeide/stm32cubeide_1.4.0/stm32cubeide/plugins/com.st.stm32cube.ide.mcu.externaltools.gnu-tools-for-stm32.7-2018-q2-update.win32_1.4.0.202007081208/tools/bin/../lib/gcc/arm-none-eabi/7.3.1/../../../../arm-none-eabi/lib/thumb/v7e-m/fpv4-sp/hard\libc_nano.a(lib_a-mprec.o)
                0x0000000008008e40                __pow5mult
 .text.__lshift
                0x0000000008008edc       0xa8 e:/stm32cubeide/cubeide/stm32cubeide_1.4.0/stm32cubeide/plugins/com.st.stm32cube.ide.mcu.externaltools.gnu-tools-for-stm32.7-2018-q2-update.win32_1.4.0.202007081208/tools/bin/../lib/gcc/arm-none-eabi/7.3.1/../../../../arm-none-eabi/lib/thumb/v7e-m/fpv4-sp/hard\libc_nano.a(lib_a-mprec.o)
                0x0000000008008edc                __lshift
 .text.__mcmp   0x0000000008008f84       0x34 e:/stm32cubeide/cubeide/stm32cubeide_1.4.0/stm32cubeide/plugins/com.st.stm32cube.ide.mcu.externaltools.gnu-tools-for-stm32.7-2018-q2-update.win32_1.4.0.202007081208/tools/bin/../lib/gcc/arm-none-eabi/7.3.1/../../../../arm-none-eabi/lib/thumb/v7e-m/fpv4-sp/hard\libc_nano.a(lib_a-mprec.o)
                0x0000000008008f84                __mcmp
 .text.__mdiff  0x0000000008008fb8       0xba e:/stm32cubeide/cubeide/stm32cubeide_1.4.0/stm32cubeide/plugins/com.st.stm32cube.ide.mcu.externaltools.gnu-tools-for-stm32.7-2018-q2-update.win32_1.4.0.202007081208/tools/bin/../lib/gcc/arm-none-eabi/7.3.1/../../../../arm-none-eabi/lib/thumb/v7e-m/fpv4-sp/hard\libc_nano.a(lib_a-mprec.o)
                0x0000000008008fb8                __mdiff
 .text.__d2b    0x0000000008009072       0x9e e:/stm32cubeide/cubeide/stm32cubeide_1.4.0/stm32cubeide/plugins/com.st.stm32cube.ide.mcu.externaltools.gnu-tools-for-stm32.7-2018-q2-update.win32_1.4.0.202007081208/tools/bin/../lib/gcc/arm-none-eabi/7.3.1/../../../../arm-none-eabi/lib/thumb/v7e-m/fpv4-sp/hard\libc_nano.a(lib_a-mprec.o)
                0x0000000008009072                __d2b
 .text._calloc_r
                0x0000000008009110       0x1c e:/stm32cubeide/cubeide/stm32cubeide_1.4.0/stm32cubeide/plugins/com.st.stm32cube.ide.mcu.externaltools.gnu-tools-for-stm32.7-2018-q2-update.win32_1.4.0.202007081208/tools/bin/../lib/gcc/arm-none-eabi/7.3.1/../../../../arm-none-eabi/lib/thumb/v7e-m/fpv4-sp/hard\libc_nano.a(lib_a-nano-callocr.o)
                0x0000000008009110                _calloc_r
 .text._malloc_r
                0x000000000800912c       0xb4 e:/stm32cubeide/cubeide/stm32cubeide_1.4.0/stm32cubeide/plugins/com.st.stm32cube.ide.mcu.externaltools.gnu-tools-for-stm32.7-2018-q2-update.win32_1.4.0.202007081208/tools/bin/../lib/gcc/arm-none-eabi/7.3.1/../../../../arm-none-eabi/lib/thumb/v7e-m/fpv4-sp/hard\libc_nano.a(lib_a-nano-mallocr.o)
                0x000000000800912c                _malloc_r
 .text._sbrk_r  0x00000000080091e0       0x20 e:/stm32cubeide/cubeide/stm32cubeide_1.4.0/stm32cubeide/plugins/com.st.stm32cube.ide.mcu.externaltools.gnu-tools-for-stm32.7-2018-q2-update.win32_1.4.0.202007081208/tools/bin/../lib/gcc/arm-none-eabi/7.3.1/../../../../arm-none-eabi/lib/thumb/v7e-m/fpv4-sp/hard\libc_nano.a(lib_a-sbrkr.o)
                0x00000000080091e0                _sbrk_r
 .text.__ascii_mbtowc
                0x0000000008009200       0x24 e:/stm32cubeide/cubeide/stm32cubeide_1.4.0/stm32cubeide/plugins/com.st.stm32cube.ide.mcu.externaltools.gnu-tools-for-stm32.7-2018-q2-update.win32_1.4.0.202007081208/tools/bin/../lib/gcc/arm-none-eabi/7.3.1/../../../../arm-none-eabi/lib/thumb/v7e-m/fpv4-sp/hard\libc_nano.a(lib_a-mbtowc_r.o)
                0x0000000008009200                __ascii_mbtowc
 .text.__malloc_lock
                0x0000000008009224        0x2 e:/stm32cubeide/cubeide/stm32cubeide_1.4.0/stm32cubeide/plugins/com.st.stm32cube.ide.mcu.externaltools.gnu-tools-for-stm32.7-2018-q2-update.win32_1.4.0.202007081208/tools/bin/../lib/gcc/arm-none-eabi/7.3.1/../../../../arm-none-eabi/lib/thumb/v7e-m/fpv4-sp/hard\libc_nano.a(lib_a-mlock.o)
                0x0000000008009224                __malloc_lock
 .text.__malloc_unlock
                0x0000000008009226        0x2 e:/stm32cubeide/cubeide/stm32cubeide_1.4.0/stm32cubeide/plugins/com.st.stm32cube.ide.mcu.externaltools.gnu-tools-for-stm32.7-2018-q2-update.win32_1.4.0.202007081208/tools/bin/../lib/gcc/arm-none-eabi/7.3.1/../../../../arm-none-eabi/lib/thumb/v7e-m/fpv4-sp/hard\libc_nano.a(lib_a-mlock.o)
                0x0000000008009226                __malloc_unlock
 .text.__ascii_wctomb
                0x0000000008009228       0x1a e:/stm32cubeide/cubeide/stm32cubeide_1.4.0/stm32cubeide/plugins/com.st.stm32cube.ide.mcu.externaltools.gnu-tools-for-stm32.7-2018-q2-update.win32_1.4.0.202007081208/tools/bin/../lib/gcc/arm-none-eabi/7.3.1/../../../../arm-none-eabi/lib/thumb/v7e-m/fpv4-sp/hard\libc_nano.a(lib_a-wctomb_r.o)
                0x0000000008009228                __ascii_wctomb
 *(.glue_7)
 .glue_7        0x0000000008009242        0x0 linker stubs
 *(.glue_7t)
 .glue_7t       0x0000000008009242        0x0 linker stubs
 *(.eh_frame)
 *fill*         0x0000000008009242        0x2 
 .eh_frame      0x0000000008009244        0x0 e:/stm32cubeide/cubeide/stm32cubeide_1.4.0/stm32cubeide/plugins/com.st.stm32cube.ide.mcu.externaltools.gnu-tools-for-stm32.7-2018-q2-update.win32_1.4.0.202007081208/tools/bin/../lib/gcc/arm-none-eabi/7.3.1/thumb/v7e-m/fpv4-sp/hard/crtbegin.o
 *(.init)
 .init          0x0000000008009244        0x4 e:/stm32cubeide/cubeide/stm32cubeide_1.4.0/stm32cubeide/plugins/com.st.stm32cube.ide.mcu.externaltools.gnu-tools-for-stm32.7-2018-q2-update.win32_1.4.0.202007081208/tools/bin/../lib/gcc/arm-none-eabi/7.3.1/thumb/v7e-m/fpv4-sp/hard/crti.o
                0x0000000008009244                _init
 .init          0x0000000008009248        0x8 e:/stm32cubeide/cubeide/stm32cubeide_1.4.0/stm32cubeide/plugins/com.st.stm32cube.ide.mcu.externaltools.gnu-tools-for-stm32.7-2018-q2-update.win32_1.4.0.202007081208/tools/bin/../lib/gcc/arm-none-eabi/7.3.1/thumb/v7e-m/fpv4-sp/hard/crtn.o
 *(.fini)
 .fini          0x0000000008009250        0x4 e:/stm32cubeide/cubeide/stm32cubeide_1.4.0/stm32cubeide/plugins/com.st.stm32cube.ide.mcu.externaltools.gnu-tools-for-stm32.7-2018-q2-update.win32_1.4.0.202007081208/tools/bin/../lib/gcc/arm-none-eabi/7.3.1/thumb/v7e-m/fpv4-sp/hard/crti.o
                0x0000000008009250                _fini
 .fini          0x0000000008009254        0x8 e:/stm32cubeide/cubeide/stm32cubeide_1.4.0/stm32cubeide/plugins/com.st.stm32cube.ide.mcu.externaltools.gnu-tools-for-stm32.7-2018-q2-update.win32_1.4.0.202007081208/tools/bin/../lib/gcc/arm-none-eabi/7.3.1/thumb/v7e-m/fpv4-sp/hard/crtn.o
                0x000000000800925c                . = ALIGN (0x4)
                0x000000000800925c                _etext = .

.vfp11_veneer   0x000000000800925c        0x0
 .vfp11_veneer  0x000000000800925c        0x0 linker stubs

.v4_bx          0x000000000800925c        0x0
 .v4_bx         0x000000000800925c        0x0 linker stubs

.iplt           0x000000000800925c        0x0
 .iplt          0x000000000800925c        0x0 e:/stm32cubeide/cubeide/stm32cubeide_1.4.0/stm32cubeide/plugins/com.st.stm32cube.ide.mcu.externaltools.gnu-tools-for-stm32.7-2018-q2-update.win32_1.4.0.202007081208/tools/bin/../lib/gcc/arm-none-eabi/7.3.1/thumb/v7e-m/fpv4-sp/hard/crtbegin.o

.rodata         0x0000000008009260      0x250
                0x0000000008009260                . = ALIGN (0x4)
 *(.rodata)
 *(.rodata*)
 .rodata.header
                0x0000000008009260        0x2 Core/Src/mbotLinuxUsart.o
                0x0000000008009260                header
 *fill*         0x0000000008009262        0x2 
 .rodata.AHBPrescTable
                0x0000000008009264       0x10 Core/Src/system_stm32f4xx.o
                0x0000000008009264                AHBPrescTable
 .rodata.APBPrescTable
                0x0000000008009274        0x8 Core/Src/system_stm32f4xx.o
                0x0000000008009274                APBPrescTable
 .rodata.flagBitshiftOffset.8243
                0x000000000800927c        0x8 Drivers/STM32F4xx_HAL_Driver/Src/stm32f4xx_hal_dma.o
 .rodata._printf_float.str1.1
                0x0000000008009284       0x12 e:/stm32cubeide/cubeide/stm32cubeide_1.4.0/stm32cubeide/plugins/com.st.stm32cube.ide.mcu.externaltools.gnu-tools-for-stm32.7-2018-q2-update.win32_1.4.0.202007081208/tools/bin/../lib/gcc/arm-none-eabi/7.3.1/../../../../arm-none-eabi/lib/thumb/v7e-m/fpv4-sp/hard\libc_nano.a(lib_a-nano-vfprintf_float.o)
 .rodata._dtoa_r.str1.1
                0x0000000008009296        0xd e:/stm32cubeide/cubeide/stm32cubeide_1.4.0/stm32cubeide/plugins/com.st.stm32cube.ide.mcu.externaltools.gnu-tools-for-stm32.7-2018-q2-update.win32_1.4.0.202007081208/tools/bin/../lib/gcc/arm-none-eabi/7.3.1/../../../../arm-none-eabi/lib/thumb/v7e-m/fpv4-sp/hard\libc_nano.a(lib_a-dtoa.o)
                                          0xf (size before relaxing)
 *fill*         0x00000000080092a3        0x5 
 .rodata.__mprec_bigtens
                0x00000000080092a8       0x28 e:/stm32cubeide/cubeide/stm32cubeide_1.4.0/stm32cubeide/plugins/com.st.stm32cube.ide.mcu.externaltools.gnu-tools-for-stm32.7-2018-q2-update.win32_1.4.0.202007081208/tools/bin/../lib/gcc/arm-none-eabi/7.3.1/../../../../arm-none-eabi/lib/thumb/v7e-m/fpv4-sp/hard\libc_nano.a(lib_a-mprec.o)
                0x00000000080092a8                __mprec_bigtens
 .rodata.__mprec_tens
                0x00000000080092d0       0xc8 e:/stm32cubeide/cubeide/stm32cubeide_1.4.0/stm32cubeide/plugins/com.st.stm32cube.ide.mcu.externaltools.gnu-tools-for-stm32.7-2018-q2-update.win32_1.4.0.202007081208/tools/bin/../lib/gcc/arm-none-eabi/7.3.1/../../../../arm-none-eabi/lib/thumb/v7e-m/fpv4-sp/hard\libc_nano.a(lib_a-mprec.o)
                0x00000000080092d0                __mprec_tens
 .rodata.p05.7359
                0x0000000008009398        0xc e:/stm32cubeide/cubeide/stm32cubeide_1.4.0/stm32cubeide/plugins/com.st.stm32cube.ide.mcu.externaltools.gnu-tools-for-stm32.7-2018-q2-update.win32_1.4.0.202007081208/tools/bin/../lib/gcc/arm-none-eabi/7.3.1/../../../../arm-none-eabi/lib/thumb/v7e-m/fpv4-sp/hard\libc_nano.a(lib_a-mprec.o)
 .rodata._setlocale_r.str1.1
                0x00000000080093a4        0x8 e:/stm32cubeide/cubeide/stm32cubeide_1.4.0/stm32cubeide/plugins/com.st.stm32cube.ide.mcu.externaltools.gnu-tools-for-stm32.7-2018-q2-update.win32_1.4.0.202007081208/tools/bin/../lib/gcc/arm-none-eabi/7.3.1/../../../../arm-none-eabi/lib/thumb/v7e-m/fpv4-sp/hard\libc_nano.a(lib_a-locale.o)
                                          0x9 (size before relaxing)
 .rodata.str1.1
                0x00000000080093ac        0x2 e:/stm32cubeide/cubeide/stm32cubeide_1.4.0/stm32cubeide/plugins/com.st.stm32cube.ide.mcu.externaltools.gnu-tools-for-stm32.7-2018-q2-update.win32_1.4.0.202007081208/tools/bin/../lib/gcc/arm-none-eabi/7.3.1/../../../../arm-none-eabi/lib/thumb/v7e-m/fpv4-sp/hard\libc_nano.a(lib_a-locale.o)
 .rodata._ctype_
                0x00000000080093ae      0x101 e:/stm32cubeide/cubeide/stm32cubeide_1.4.0/stm32cubeide/plugins/com.st.stm32cube.ide.mcu.externaltools.gnu-tools-for-stm32.7-2018-q2-update.win32_1.4.0.202007081208/tools/bin/../lib/gcc/arm-none-eabi/7.3.1/../../../../arm-none-eabi/lib/thumb/v7e-m/fpv4-sp/hard\libc_nano.a(lib_a-ctype_.o)
                0x00000000080093ae                _ctype_
                0x00000000080094b0                . = ALIGN (0x4)
 *fill*         0x00000000080094af        0x1 

.ARM.extab      0x00000000080094b0        0x0
                0x00000000080094b0                . = ALIGN (0x4)
 *(.ARM.extab* .gnu.linkonce.armextab.*)
                0x00000000080094b0                . = ALIGN (0x4)

.ARM            0x00000000080094b0        0x8
                0x00000000080094b0                . = ALIGN (0x4)
                0x00000000080094b0                __exidx_start = .
 *(.ARM.exidx*)
 .ARM.exidx     0x00000000080094b0        0x8 e:/stm32cubeide/cubeide/stm32cubeide_1.4.0/stm32cubeide/plugins/com.st.stm32cube.ide.mcu.externaltools.gnu-tools-for-stm32.7-2018-q2-update.win32_1.4.0.202007081208/tools/bin/../lib/gcc/arm-none-eabi/7.3.1/thumb/v7e-m/fpv4-sp/hard\libgcc.a(_udivmoddi4.o)
                0x00000000080094b8                __exidx_end = .
                0x00000000080094b8                . = ALIGN (0x4)

.rel.dyn        0x00000000080094b8        0x0
 .rel.iplt      0x00000000080094b8        0x0 e:/stm32cubeide/cubeide/stm32cubeide_1.4.0/stm32cubeide/plugins/com.st.stm32cube.ide.mcu.externaltools.gnu-tools-for-stm32.7-2018-q2-update.win32_1.4.0.202007081208/tools/bin/../lib/gcc/arm-none-eabi/7.3.1/thumb/v7e-m/fpv4-sp/hard/crtbegin.o

.preinit_array  0x00000000080094b8        0x0
                0x00000000080094b8                . = ALIGN (0x4)
                0x00000000080094b8                PROVIDE (__preinit_array_start = .)
 *(.preinit_array*)
                0x00000000080094b8                PROVIDE (__preinit_array_end = .)
                0x00000000080094b8                . = ALIGN (0x4)

.init_array     0x00000000080094b8        0x4
                0x00000000080094b8                . = ALIGN (0x4)
                0x00000000080094b8                PROVIDE (__init_array_start = .)
 *(SORT_BY_NAME(.init_array.*))
 *(.init_array*)
 .init_array    0x00000000080094b8        0x4 e:/stm32cubeide/cubeide/stm32cubeide_1.4.0/stm32cubeide/plugins/com.st.stm32cube.ide.mcu.externaltools.gnu-tools-for-stm32.7-2018-q2-update.win32_1.4.0.202007081208/tools/bin/../lib/gcc/arm-none-eabi/7.3.1/thumb/v7e-m/fpv4-sp/hard/crtbegin.o
                0x00000000080094bc                PROVIDE (__init_array_end = .)
                0x00000000080094bc                . = ALIGN (0x4)

.fini_array     0x00000000080094bc        0x4
                0x00000000080094bc                . = ALIGN (0x4)
                [!provide]                        PROVIDE (__fini_array_start = .)
 *(SORT_BY_NAME(.fini_array.*))
 *(.fini_array*)
 .fini_array    0x00000000080094bc        0x4 e:/stm32cubeide/cubeide/stm32cubeide_1.4.0/stm32cubeide/plugins/com.st.stm32cube.ide.mcu.externaltools.gnu-tools-for-stm32.7-2018-q2-update.win32_1.4.0.202007081208/tools/bin/../lib/gcc/arm-none-eabi/7.3.1/thumb/v7e-m/fpv4-sp/hard/crtbegin.o
                [!provide]                        PROVIDE (__fini_array_end = .)
                0x00000000080094c0                . = ALIGN (0x4)
                0x00000000080094c0                _sidata = LOADADDR (.data)

.data           0x0000000020000000      0x204 load address 0x00000000080094c0
                0x0000000020000000                . = ALIGN (0x4)
                0x0000000020000000                _sdata = .
 *(.data)
 *(.data*)
 .data.date_t   0x0000000020000000        0x8 Core/Src/main.o
                0x0000000020000000                date_t
 .data.Proportion_L_1
                0x0000000020000008        0x4 Core/Src/motor_l1.o
 .data.Integral_L_1
                0x000000002000000c        0x4 Core/Src/motor_l1.o
 .data.Proportion_L_2
                0x0000000020000010        0x4 Core/Src/motor_l2.o
 .data.Integral_L_2
                0x0000000020000014        0x4 Core/Src/motor_l2.o
 .data.Proportion_R_1
                0x0000000020000018        0x4 Core/Src/motor_r1.o
 .data.Integral_R_1
                0x000000002000001c        0x4 Core/Src/motor_r1.o
 .data.Proportion_R_2
                0x0000000020000020        0x4 Core/Src/motor_r2.o
 .data.Integral_R_2
                0x0000000020000024        0x4 Core/Src/motor_r2.o
 .data.SystemCoreClock
                0x0000000020000028        0x4 Core/Src/system_stm32f4xx.o
                0x0000000020000028                SystemCoreClock
 .data.uwTickPrio
                0x000000002000002c        0x4 Drivers/STM32F4xx_HAL_Driver/Src/stm32f4xx_hal.o
                0x000000002000002c                uwTickPrio
 .data.uwTickFreq
                0x0000000020000030        0x1 Drivers/STM32F4xx_HAL_Driver/Src/stm32f4xx_hal.o
                0x0000000020000030                uwTickFreq
 *fill*         0x0000000020000031        0x3 
 .data._impure_ptr
                0x0000000020000034        0x4 e:/stm32cubeide/cubeide/stm32cubeide_1.4.0/stm32cubeide/plugins/com.st.stm32cube.ide.mcu.externaltools.gnu-tools-for-stm32.7-2018-q2-update.win32_1.4.0.202007081208/tools/bin/../lib/gcc/arm-none-eabi/7.3.1/../../../../arm-none-eabi/lib/thumb/v7e-m/fpv4-sp/hard\libc_nano.a(lib_a-impure.o)
                0x0000000020000034                _impure_ptr
 .data.impure_data
                0x0000000020000038       0x60 e:/stm32cubeide/cubeide/stm32cubeide_1.4.0/stm32cubeide/plugins/com.st.stm32cube.ide.mcu.externaltools.gnu-tools-for-stm32.7-2018-q2-update.win32_1.4.0.202007081208/tools/bin/../lib/gcc/arm-none-eabi/7.3.1/../../../../arm-none-eabi/lib/thumb/v7e-m/fpv4-sp/hard\libc_nano.a(lib_a-impure.o)
 .data.__global_locale
                0x0000000020000098      0x16c e:/stm32cubeide/cubeide/stm32cubeide_1.4.0/stm32cubeide/plugins/com.st.stm32cube.ide.mcu.externaltools.gnu-tools-for-stm32.7-2018-q2-update.win32_1.4.0.202007081208/tools/bin/../lib/gcc/arm-none-eabi/7.3.1/../../../../arm-none-eabi/lib/thumb/v7e-m/fpv4-sp/hard\libc_nano.a(lib_a-locale.o)
                0x0000000020000098                __global_locale
                0x0000000020000204                . = ALIGN (0x4)
                0x0000000020000204                _edata = .

.igot.plt       0x0000000020000204        0x0 load address 0x00000000080096c4
 .igot.plt      0x0000000020000204        0x0 e:/stm32cubeide/cubeide/stm32cubeide_1.4.0/stm32cubeide/plugins/com.st.stm32cube.ide.mcu.externaltools.gnu-tools-for-stm32.7-2018-q2-update.win32_1.4.0.202007081208/tools/bin/../lib/gcc/arm-none-eabi/7.3.1/thumb/v7e-m/fpv4-sp/hard/crtbegin.o
                0x0000000020000204                . = ALIGN (0x4)

.bss            0x0000000020000204      0x658 load address 0x00000000080096c4
                0x0000000020000204                _sbss = .
                0x0000000020000204                __bss_start__ = _sbss
 *(.bss)
 .bss           0x0000000020000204       0x1c e:/stm32cubeide/cubeide/stm32cubeide_1.4.0/stm32cubeide/plugins/com.st.stm32cube.ide.mcu.externaltools.gnu-tools-for-stm32.7-2018-q2-update.win32_1.4.0.202007081208/tools/bin/../lib/gcc/arm-none-eabi/7.3.1/thumb/v7e-m/fpv4-sp/hard/crtbegin.o
 *(.bss*)
 .bss.leftvollinearvelocity_pre
                0x0000000020000220        0x4 Core/Src/main.o
                0x0000000020000220                leftvollinearvelocity_pre
 .bss.rightvollinearvelocity_pre
                0x0000000020000224        0x4 Core/Src/main.o
                0x0000000020000224                rightvollinearvelocity_pre
 .bss.leftvollinearvelocity_set
                0x0000000020000228        0x4 Core/Src/main.o
                0x0000000020000228                leftvollinearvelocity_set
 .bss.rightvollinearvelocity_set
                0x000000002000022c        0x4 Core/Src/main.o
                0x000000002000022c                rightvollinearvelocity_set
 .bss.p_crtlFlag
                0x0000000020000230        0x1 Core/Src/main.o
                0x0000000020000230                p_crtlFlag
 *fill*         0x0000000020000231        0x3 
 .bss.motor     0x0000000020000234        0x4 Core/Src/main.o
                0x0000000020000234                motor
 .bss.ultrasonic
                0x0000000020000238        0x4 Core/Src/main.o
                0x0000000020000238                ultrasonic
 .bss.sensor    0x000000002000023c        0x4 Core/Src/main.o
                0x000000002000023c                sensor
 .bss.send      0x0000000020000240        0x4 Core/Src/main.o
                0x0000000020000240                send
 .bss.receive   0x0000000020000244        0x4 Core/Src/main.o
                0x0000000020000244                receive
 .bss.receiveBuff
                0x0000000020000248        0xb Core/Src/mbotLinuxUsart.o
                0x0000000020000248                receiveBuff
 *fill*         0x0000000020000253        0x1 
 .bss.length.8196
                0x0000000020000254        0x4 Core/Src/mbotLinuxUsart.o
 .bss.Derivative_L_1
                0x0000000020000258        0x4 Core/Src/motor_l1.o
 .bss.GetData_L_1
                0x000000002000025c        0x4 Core/Src/motor_l1.o
                0x000000002000025c                GetData_L_1
 .bss.Direction_L_1
                0x0000000020000260        0x4 Core/Src/motor_l1.o
                0x0000000020000260                Direction_L_1
 .bss.n_L_1     0x0000000020000264        0x4 Core/Src/motor_l1.o
                0x0000000020000264                n_L_1
 .bss.v_L_1     0x0000000020000268        0x4 Core/Src/motor_l1.o
                0x0000000020000268                v_L_1
 .bss.prespwm_L_1
                0x000000002000026c        0x4 Core/Src/motor_l1.o
                0x000000002000026c                prespwm_L_1
 .bss.outpwm_L_1
                0x0000000020000270        0x4 Core/Src/motor_l1.o
                0x0000000020000270                outpwm_L_1
 .bss.LastError_L_1
                0x0000000020000274        0x4 Core/Src/motor_l1.o
                0x0000000020000274                LastError_L_1
 .bss.PresError_L_1
                0x0000000020000278        0x4 Core/Src/motor_l1.o
                0x0000000020000278                PresError_L_1
 .bss.Outpid_L_1
                0x000000002000027c        0x4 Core/Src/motor_l1.o
                0x000000002000027c                Outpid_L_1
 .bss.I_acc_L_1
                0x0000000020000280        0x4 Core/Src/motor_l1.o
                0x0000000020000280                I_acc_L_1
 .bss.stotage_L_1
                0x0000000020000284        0x4 Core/Src/motor_l1.o
                0x0000000020000284                stotage_L_1
 .bss.Derivative_L_2
                0x0000000020000288        0x4 Core/Src/motor_l2.o
 .bss.GetData_L_2
                0x000000002000028c        0x4 Core/Src/motor_l2.o
                0x000000002000028c                GetData_L_2
 .bss.Direction_L_2
                0x0000000020000290        0x4 Core/Src/motor_l2.o
                0x0000000020000290                Direction_L_2
 .bss.n_L_2     0x0000000020000294        0x4 Core/Src/motor_l2.o
                0x0000000020000294                n_L_2
 .bss.v_L_2     0x0000000020000298        0x4 Core/Src/motor_l2.o
                0x0000000020000298                v_L_2
 .bss.prespwm_L_2
                0x000000002000029c        0x4 Core/Src/motor_l2.o
                0x000000002000029c                prespwm_L_2
 .bss.outpwm_L_2
                0x00000000200002a0        0x4 Core/Src/motor_l2.o
                0x00000000200002a0                outpwm_L_2
 .bss.LastError_L_2
                0x00000000200002a4        0x4 Core/Src/motor_l2.o
                0x00000000200002a4                LastError_L_2
 .bss.PresError_L_2
                0x00000000200002a8        0x4 Core/Src/motor_l2.o
                0x00000000200002a8                PresError_L_2
 .bss.Outpid_L_2
                0x00000000200002ac        0x4 Core/Src/motor_l2.o
                0x00000000200002ac                Outpid_L_2
 .bss.I_acc_L_2
                0x00000000200002b0        0x4 Core/Src/motor_l2.o
                0x00000000200002b0                I_acc_L_2
 .bss.stotage_L_2
                0x00000000200002b4        0x4 Core/Src/motor_l2.o
                0x00000000200002b4                stotage_L_2
 .bss.Derivative_R_1
                0x00000000200002b8        0x4 Core/Src/motor_r1.o
 .bss.GetData_R_1
                0x00000000200002bc        0x4 Core/Src/motor_r1.o
                0x00000000200002bc                GetData_R_1
 .bss.Direction_R_1
                0x00000000200002c0        0x4 Core/Src/motor_r1.o
                0x00000000200002c0                Direction_R_1
 .bss.n_R_1     0x00000000200002c4        0x4 Core/Src/motor_r1.o
                0x00000000200002c4                n_R_1
 .bss.v_R_1     0x00000000200002c8        0x4 Core/Src/motor_r1.o
                0x00000000200002c8                v_R_1
 .bss.prespwm_R_1
                0x00000000200002cc        0x4 Core/Src/motor_r1.o
                0x00000000200002cc                prespwm_R_1
 .bss.outpwm_R_1
                0x00000000200002d0        0x4 Core/Src/motor_r1.o
                0x00000000200002d0                outpwm_R_1
 .bss.LastError_R_1
                0x00000000200002d4        0x4 Core/Src/motor_r1.o
                0x00000000200002d4                LastError_R_1
 .bss.PresError_R_1
                0x00000000200002d8        0x4 Core/Src/motor_r1.o
                0x00000000200002d8                PresError_R_1
 .bss.Outpid_R_1
                0x00000000200002dc        0x4 Core/Src/motor_r1.o
                0x00000000200002dc                Outpid_R_1
 .bss.I_acc_R_1
                0x00000000200002e0        0x4 Core/Src/motor_r1.o
                0x00000000200002e0                I_acc_R_1
 .bss.stotage_R_1
                0x00000000200002e4        0x4 Core/Src/motor_r1.o
                0x00000000200002e4                stotage_R_1
 .bss.Derivative_R_2
                0x00000000200002e8        0x4 Core/Src/motor_r2.o
 .bss.GetData_R_2
                0x00000000200002ec        0x4 Core/Src/motor_r2.o
                0x00000000200002ec                GetData_R_2
 .bss.Direction_R_2
                0x00000000200002f0        0x4 Core/Src/motor_r2.o
                0x00000000200002f0                Direction_R_2
 .bss.n_R_2     0x00000000200002f4        0x4 Core/Src/motor_r2.o
                0x00000000200002f4                n_R_2
 .bss.v_R_2     0x00000000200002f8        0x4 Core/Src/motor_r2.o
                0x00000000200002f8                v_R_2
 .bss.prespwm_R_2
                0x00000000200002fc        0x4 Core/Src/motor_r2.o
                0x00000000200002fc                prespwm_R_2
 .bss.outpwm_R_2
                0x0000000020000300        0x4 Core/Src/motor_r2.o
                0x0000000020000300                outpwm_R_2
 .bss.LastError_R_2
                0x0000000020000304        0x4 Core/Src/motor_r2.o
                0x0000000020000304                LastError_R_2
 .bss.PresError_R_2
                0x0000000020000308        0x4 Core/Src/motor_r2.o
                0x0000000020000308                PresError_R_2
 .bss.Outpid_R_2
                0x000000002000030c        0x4 Core/Src/motor_r2.o
                0x000000002000030c                Outpid_R_2
 .bss.I_acc_R_2
                0x0000000020000310        0x4 Core/Src/motor_r2.o
                0x0000000020000310                I_acc_R_2
 .bss.stotage_R_2
                0x0000000020000314        0x4 Core/Src/motor_r2.o
                0x0000000020000314                stotage_R_2
 .bss.__sbrk_heap_end
                0x0000000020000318        0x4 Core/Src/sysmem.o
 .bss.__malloc_free_list
                0x000000002000031c        0x4 e:/stm32cubeide/cubeide/stm32cubeide_1.4.0/stm32cubeide/plugins/com.st.stm32cube.ide.mcu.externaltools.gnu-tools-for-stm32.7-2018-q2-update.win32_1.4.0.202007081208/tools/bin/../lib/gcc/arm-none-eabi/7.3.1/../../../../arm-none-eabi/lib/thumb/v7e-m/fpv4-sp/hard\libc_nano.a(lib_a-nano-mallocr.o)
                0x000000002000031c                __malloc_free_list
 .bss.__malloc_sbrk_start
                0x0000000020000320        0x4 e:/stm32cubeide/cubeide/stm32cubeide_1.4.0/stm32cubeide/plugins/com.st.stm32cube.ide.mcu.externaltools.gnu-tools-for-stm32.7-2018-q2-update.win32_1.4.0.202007081208/tools/bin/../lib/gcc/arm-none-eabi/7.3.1/../../../../arm-none-eabi/lib/thumb/v7e-m/fpv4-sp/hard\libc_nano.a(lib_a-nano-mallocr.o)
                0x0000000020000320                __malloc_sbrk_start
 *(COMMON)
 COMMON         0x0000000020000324       0x22 Core/Src/main.o
                0x0000000020000324                i
                0x0000000020000328                date
 *fill*         0x0000000020000346        0x2 
 COMMON         0x0000000020000348       0x12 Core/Src/mbotLinuxUsart.o
                0x0000000020000348                angleNow
                0x000000002000034c                rightVelNow
                0x0000000020000350                rightVelSet
                0x0000000020000354                leftVelSet
                0x0000000020000358                leftVelNow
 *fill*         0x000000002000035a        0x2 
 COMMON         0x000000002000035c       0xb8 Core/Src/spi.o
                0x000000002000035c                hspi1
                0x00000000200003b4                hdma_spi1_tx
 COMMON         0x0000000020000414      0x2c0 Core/Src/tim.o
                0x0000000020000414                htim8
                0x0000000020000454                htim4
                0x0000000020000494                htim10
                0x00000000200004d4                htim5
                0x0000000020000514                htim3
                0x0000000020000554                htim11
                0x0000000020000594                htim6
                0x00000000200005d4                htim1
                0x0000000020000614                htim9
                0x0000000020000654                htim2
                0x0000000020000694                htim7
 COMMON         0x00000000200006d4      0x180 Core/Src/usart.o
                0x00000000200006d4                hdma_usart2_rx
                0x0000000020000734                hdma_usart6_rx
                0x0000000020000794                huart3
                0x00000000200007d4                huart6
                0x0000000020000814                huart2
 COMMON         0x0000000020000854        0x4 Drivers/STM32F4xx_HAL_Driver/Src/stm32f4xx_hal.o
                0x0000000020000854                uwTick
 COMMON         0x0000000020000858        0x4 e:/stm32cubeide/cubeide/stm32cubeide_1.4.0/stm32cubeide/plugins/com.st.stm32cube.ide.mcu.externaltools.gnu-tools-for-stm32.7-2018-q2-update.win32_1.4.0.202007081208/tools/bin/../lib/gcc/arm-none-eabi/7.3.1/../../../../arm-none-eabi/lib/thumb/v7e-m/fpv4-sp/hard\libc_nano.a(lib_a-reent.o)
                0x0000000020000858                errno
                0x000000002000085c                . = ALIGN (0x4)
                0x000000002000085c                _ebss = .
                0x000000002000085c                __bss_end__ = _ebss

._user_heap_stack
                0x000000002000085c      0x604 load address 0x00000000080096c4
                0x0000000020000860                . = ALIGN (0x8)
 *fill*         0x000000002000085c        0x4 
                [!provide]                        PROVIDE (end = .)
                0x0000000020000860                PROVIDE (_end = .)
                0x0000000020000a60                . = (. + _Min_Heap_Size)
 *fill*         0x0000000020000860      0x200 
                0x0000000020000e60                . = (. + _Min_Stack_Size)
 *fill*         0x0000000020000a60      0x400 
                0x0000000020000e60                . = ALIGN (0x8)

/DISCARD/
 libc.a(*)
 libm.a(*)
 libgcc.a(*)

.ARM.attributes
                0x0000000000000000       0x30
 *(.ARM.attributes)
 .ARM.attributes
                0x0000000000000000       0x22 e:/stm32cubeide/cubeide/stm32cubeide_1.4.0/stm32cubeide/plugins/com.st.stm32cube.ide.mcu.externaltools.gnu-tools-for-stm32.7-2018-q2-update.win32_1.4.0.202007081208/tools/bin/../lib/gcc/arm-none-eabi/7.3.1/thumb/v7e-m/fpv4-sp/hard/crti.o
 .ARM.attributes
                0x0000000000000022       0x34 e:/stm32cubeide/cubeide/stm32cubeide_1.4.0/stm32cubeide/plugins/com.st.stm32cube.ide.mcu.externaltools.gnu-tools-for-stm32.7-2018-q2-update.win32_1.4.0.202007081208/tools/bin/../lib/gcc/arm-none-eabi/7.3.1/thumb/v7e-m/fpv4-sp/hard/crtbegin.o
 .ARM.attributes
                0x0000000000000056       0x39 Core/Src/dma.o
 .ARM.attributes
                0x000000000000008f       0x39 Core/Src/flame.o
 .ARM.attributes
                0x00000000000000c8       0x39 Core/Src/gpio.o
 .ARM.attributes
                0x0000000000000101       0x39 Core/Src/main.o
 .ARM.attributes
                0x000000000000013a       0x39 Core/Src/mbotLinuxUsart.o
 .ARM.attributes
                0x0000000000000173       0x39 Core/Src/motor_l1.o
 .ARM.attributes
                0x00000000000001ac       0x39 Core/Src/motor_l2.o
 .ARM.attributes
                0x00000000000001e5       0x39 Core/Src/motor_r1.o
 .ARM.attributes
                0x000000000000021e       0x39 Core/Src/motor_r2.o
 .ARM.attributes
                0x0000000000000257       0x39 Core/Src/people.o
 .ARM.attributes
                0x0000000000000290       0x39 Core/Src/smok.o
 .ARM.attributes
                0x00000000000002c9       0x39 Core/Src/spi.o
 .ARM.attributes
                0x0000000000000302       0x39 Core/Src/start.o
 .ARM.attributes
                0x000000000000033b       0x39 Core/Src/stm32f4xx_hal_msp.o
 .ARM.attributes
                0x0000000000000374       0x39 Core/Src/stm32f4xx_it.o
 .ARM.attributes
                0x00000000000003ad       0x39 Core/Src/sysmem.o
 .ARM.attributes
                0x00000000000003e6       0x39 Core/Src/system_stm32f4xx.o
 .ARM.attributes
                0x000000000000041f       0x39 Core/Src/tim.o
 .ARM.attributes
                0x0000000000000458       0x39 Core/Src/usart.o
 .ARM.attributes
                0x0000000000000491       0x21 Core/Startup/startup_stm32f407zgtx.o
 .ARM.attributes
                0x00000000000004b2       0x39 Drivers/STM32F4xx_HAL_Driver/Src/stm32f4xx_hal.o
 .ARM.attributes
                0x00000000000004eb       0x39 Drivers/STM32F4xx_HAL_Driver/Src/stm32f4xx_hal_cortex.o
 .ARM.attributes
                0x0000000000000524       0x39 Drivers/STM32F4xx_HAL_Driver/Src/stm32f4xx_hal_dma.o
 .ARM.attributes
                0x000000000000055d       0x39 Drivers/STM32F4xx_HAL_Driver/Src/stm32f4xx_hal_gpio.o
 .ARM.attributes
                0x0000000000000596       0x39 Drivers/STM32F4xx_HAL_Driver/Src/stm32f4xx_hal_rcc.o
 .ARM.attributes
                0x00000000000005cf       0x39 Drivers/STM32F4xx_HAL_Driver/Src/stm32f4xx_hal_spi.o
 .ARM.attributes
                0x0000000000000608       0x39 Drivers/STM32F4xx_HAL_Driver/Src/stm32f4xx_hal_tim.o
 .ARM.attributes
                0x0000000000000641       0x39 Drivers/STM32F4xx_HAL_Driver/Src/stm32f4xx_hal_tim_ex.o
 .ARM.attributes
                0x000000000000067a       0x39 Drivers/STM32F4xx_HAL_Driver/Src/stm32f4xx_hal_uart.o
 .ARM.attributes
                0x00000000000006b3       0x34 e:/stm32cubeide/cubeide/stm32cubeide_1.4.0/stm32cubeide/plugins/com.st.stm32cube.ide.mcu.externaltools.gnu-tools-for-stm32.7-2018-q2-update.win32_1.4.0.202007081208/tools/bin/../lib/gcc/arm-none-eabi/7.3.1/../../../../arm-none-eabi/lib/thumb/v7e-m/fpv4-sp/hard\libc_nano.a(lib_a-errno.o)
 .ARM.attributes
                0x00000000000006e7       0x34 e:/stm32cubeide/cubeide/stm32cubeide_1.4.0/stm32cubeide/plugins/com.st.stm32cube.ide.mcu.externaltools.gnu-tools-for-stm32.7-2018-q2-update.win32_1.4.0.202007081208/tools/bin/../lib/gcc/arm-none-eabi/7.3.1/../../../../arm-none-eabi/lib/thumb/v7e-m/fpv4-sp/hard\libc_nano.a(lib_a-impure.o)
 .ARM.attributes
                0x000000000000071b       0x34 e:/stm32cubeide/cubeide/stm32cubeide_1.4.0/stm32cubeide/plugins/com.st.stm32cube.ide.mcu.externaltools.gnu-tools-for-stm32.7-2018-q2-update.win32_1.4.0.202007081208/tools/bin/../lib/gcc/arm-none-eabi/7.3.1/../../../../arm-none-eabi/lib/thumb/v7e-m/fpv4-sp/hard\libc_nano.a(lib_a-init.o)
 .ARM.attributes
                0x000000000000074f       0x34 e:/stm32cubeide/cubeide/stm32cubeide_1.4.0/stm32cubeide/plugins/com.st.stm32cube.ide.mcu.externaltools.gnu-tools-for-stm32.7-2018-q2-update.win32_1.4.0.202007081208/tools/bin/../lib/gcc/arm-none-eabi/7.3.1/../../../../arm-none-eabi/lib/thumb/v7e-m/fpv4-sp/hard\libc_nano.a(lib_a-memset.o)
 .ARM.attributes
                0x0000000000000783       0x34 e:/stm32cubeide/cubeide/stm32cubeide_1.4.0/stm32cubeide/plugins/com.st.stm32cube.ide.mcu.externaltools.gnu-tools-for-stm32.7-2018-q2-update.win32_1.4.0.202007081208/tools/bin/../lib/gcc/arm-none-eabi/7.3.1/../../../../arm-none-eabi/lib/thumb/v7e-m/fpv4-sp/hard\libc_nano.a(lib_a-nano-vfprintf_float.o)
 .ARM.attributes
                0x00000000000007b7       0x34 e:/stm32cubeide/cubeide/stm32cubeide_1.4.0/stm32cubeide/plugins/com.st.stm32cube.ide.mcu.externaltools.gnu-tools-for-stm32.7-2018-q2-update.win32_1.4.0.202007081208/tools/bin/../lib/gcc/arm-none-eabi/7.3.1/../../../../arm-none-eabi/lib/thumb/v7e-m/fpv4-sp/hard\libc_nano.a(lib_a-nano-vfprintf_i.o)
 .ARM.attributes
                0x00000000000007eb       0x1b e:/stm32cubeide/cubeide/stm32cubeide_1.4.0/stm32cubeide/plugins/com.st.stm32cube.ide.mcu.externaltools.gnu-tools-for-stm32.7-2018-q2-update.win32_1.4.0.202007081208/tools/bin/../lib/gcc/arm-none-eabi/7.3.1/../../../../arm-none-eabi/lib/thumb/v7e-m/fpv4-sp/hard\libc_nano.a(lib_a-strlen.o)
 .ARM.attributes
                0x0000000000000806       0x34 e:/stm32cubeide/cubeide/stm32cubeide_1.4.0/stm32cubeide/plugins/com.st.stm32cube.ide.mcu.externaltools.gnu-tools-for-stm32.7-2018-q2-update.win32_1.4.0.202007081208/tools/bin/../lib/gcc/arm-none-eabi/7.3.1/../../../../arm-none-eabi/lib/thumb/v7e-m/fpv4-sp/hard\libc_nano.a(lib_a-dtoa.o)
 .ARM.attributes
                0x000000000000083a       0x34 e:/stm32cubeide/cubeide/stm32cubeide_1.4.0/stm32cubeide/plugins/com.st.stm32cube.ide.mcu.externaltools.gnu-tools-for-stm32.7-2018-q2-update.win32_1.4.0.202007081208/tools/bin/../lib/gcc/arm-none-eabi/7.3.1/../../../../arm-none-eabi/lib/thumb/v7e-m/fpv4-sp/hard\libc_nano.a(lib_a-localeconv.o)
 .ARM.attributes
                0x000000000000086e       0x34 e:/stm32cubeide/cubeide/stm32cubeide_1.4.0/stm32cubeide/plugins/com.st.stm32cube.ide.mcu.externaltools.gnu-tools-for-stm32.7-2018-q2-update.win32_1.4.0.202007081208/tools/bin/../lib/gcc/arm-none-eabi/7.3.1/../../../../arm-none-eabi/lib/thumb/v7e-m/fpv4-sp/hard\libc_nano.a(lib_a-malloc.o)
 .ARM.attributes
                0x00000000000008a2       0x34 e:/stm32cubeide/cubeide/stm32cubeide_1.4.0/stm32cubeide/plugins/com.st.stm32cube.ide.mcu.externaltools.gnu-tools-for-stm32.7-2018-q2-update.win32_1.4.0.202007081208/tools/bin/../lib/gcc/arm-none-eabi/7.3.1/../../../../arm-none-eabi/lib/thumb/v7e-m/fpv4-sp/hard\libc_nano.a(lib_a-memcpy-stub.o)
 .ARM.attributes
                0x00000000000008d6       0x34 e:/stm32cubeide/cubeide/stm32cubeide_1.4.0/stm32cubeide/plugins/com.st.stm32cube.ide.mcu.externaltools.gnu-tools-for-stm32.7-2018-q2-update.win32_1.4.0.202007081208/tools/bin/../lib/gcc/arm-none-eabi/7.3.1/../../../../arm-none-eabi/lib/thumb/v7e-m/fpv4-sp/hard\libc_nano.a(lib_a-mprec.o)
 .ARM.attributes
                0x000000000000090a       0x34 e:/stm32cubeide/cubeide/stm32cubeide_1.4.0/stm32cubeide/plugins/com.st.stm32cube.ide.mcu.externaltools.gnu-tools-for-stm32.7-2018-q2-update.win32_1.4.0.202007081208/tools/bin/../lib/gcc/arm-none-eabi/7.3.1/../../../../arm-none-eabi/lib/thumb/v7e-m/fpv4-sp/hard\libc_nano.a(lib_a-nano-callocr.o)
 .ARM.attributes
                0x000000000000093e       0x34 e:/stm32cubeide/cubeide/stm32cubeide_1.4.0/stm32cubeide/plugins/com.st.stm32cube.ide.mcu.externaltools.gnu-tools-for-stm32.7-2018-q2-update.win32_1.4.0.202007081208/tools/bin/../lib/gcc/arm-none-eabi/7.3.1/../../../../arm-none-eabi/lib/thumb/v7e-m/fpv4-sp/hard\libc_nano.a(lib_a-nano-mallocr.o)
 .ARM.attributes
                0x0000000000000972       0x34 e:/stm32cubeide/cubeide/stm32cubeide_1.4.0/stm32cubeide/plugins/com.st.stm32cube.ide.mcu.externaltools.gnu-tools-for-stm32.7-2018-q2-update.win32_1.4.0.202007081208/tools/bin/../lib/gcc/arm-none-eabi/7.3.1/../../../../arm-none-eabi/lib/thumb/v7e-m/fpv4-sp/hard\libc_nano.a(lib_a-sbrkr.o)
 .ARM.attributes
                0x00000000000009a6       0x34 e:/stm32cubeide/cubeide/stm32cubeide_1.4.0/stm32cubeide/plugins/com.st.stm32cube.ide.mcu.externaltools.gnu-tools-for-stm32.7-2018-q2-update.win32_1.4.0.202007081208/tools/bin/../lib/gcc/arm-none-eabi/7.3.1/../../../../arm-none-eabi/lib/thumb/v7e-m/fpv4-sp/hard\libc_nano.a(lib_a-locale.o)
 .ARM.attributes
                0x00000000000009da       0x34 e:/stm32cubeide/cubeide/stm32cubeide_1.4.0/stm32cubeide/plugins/com.st.stm32cube.ide.mcu.externaltools.gnu-tools-for-stm32.7-2018-q2-update.win32_1.4.0.202007081208/tools/bin/../lib/gcc/arm-none-eabi/7.3.1/../../../../arm-none-eabi/lib/thumb/v7e-m/fpv4-sp/hard\libc_nano.a(lib_a-mbtowc_r.o)
 .ARM.attributes
                0x0000000000000a0e       0x34 e:/stm32cubeide/cubeide/stm32cubeide_1.4.0/stm32cubeide/plugins/com.st.stm32cube.ide.mcu.externaltools.gnu-tools-for-stm32.7-2018-q2-update.win32_1.4.0.202007081208/tools/bin/../lib/gcc/arm-none-eabi/7.3.1/../../../../arm-none-eabi/lib/thumb/v7e-m/fpv4-sp/hard\libc_nano.a(lib_a-mlock.o)
 .ARM.attributes
                0x0000000000000a42       0x34 e:/stm32cubeide/cubeide/stm32cubeide_1.4.0/stm32cubeide/plugins/com.st.stm32cube.ide.mcu.externaltools.gnu-tools-for-stm32.7-2018-q2-update.win32_1.4.0.202007081208/tools/bin/../lib/gcc/arm-none-eabi/7.3.1/../../../../arm-none-eabi/lib/thumb/v7e-m/fpv4-sp/hard\libc_nano.a(lib_a-reent.o)
 .ARM.attributes
                0x0000000000000a76       0x34 e:/stm32cubeide/cubeide/stm32cubeide_1.4.0/stm32cubeide/plugins/com.st.stm32cube.ide.mcu.externaltools.gnu-tools-for-stm32.7-2018-q2-update.win32_1.4.0.202007081208/tools/bin/../lib/gcc/arm-none-eabi/7.3.1/../../../../arm-none-eabi/lib/thumb/v7e-m/fpv4-sp/hard\libc_nano.a(lib_a-wctomb_r.o)
 .ARM.attributes
                0x0000000000000aaa       0x34 e:/stm32cubeide/cubeide/stm32cubeide_1.4.0/stm32cubeide/plugins/com.st.stm32cube.ide.mcu.externaltools.gnu-tools-for-stm32.7-2018-q2-update.win32_1.4.0.202007081208/tools/bin/../lib/gcc/arm-none-eabi/7.3.1/../../../../arm-none-eabi/lib/thumb/v7e-m/fpv4-sp/hard\libc_nano.a(lib_a-ctype_.o)
 .ARM.attributes
                0x0000000000000ade       0x22 e:/stm32cubeide/cubeide/stm32cubeide_1.4.0/stm32cubeide/plugins/com.st.stm32cube.ide.mcu.externaltools.gnu-tools-for-stm32.7-2018-q2-update.win32_1.4.0.202007081208/tools/bin/../lib/gcc/arm-none-eabi/7.3.1/thumb/v7e-m/fpv4-sp/hard\libgcc.a(_arm_addsubdf3.o)
 .ARM.attributes
                0x0000000000000b00       0x22 e:/stm32cubeide/cubeide/stm32cubeide_1.4.0/stm32cubeide/plugins/com.st.stm32cube.ide.mcu.externaltools.gnu-tools-for-stm32.7-2018-q2-update.win32_1.4.0.202007081208/tools/bin/../lib/gcc/arm-none-eabi/7.3.1/thumb/v7e-m/fpv4-sp/hard\libgcc.a(_arm_muldivdf3.o)
 .ARM.attributes
                0x0000000000000b22       0x22 e:/stm32cubeide/cubeide/stm32cubeide_1.4.0/stm32cubeide/plugins/com.st.stm32cube.ide.mcu.externaltools.gnu-tools-for-stm32.7-2018-q2-update.win32_1.4.0.202007081208/tools/bin/../lib/gcc/arm-none-eabi/7.3.1/thumb/v7e-m/fpv4-sp/hard\libgcc.a(_arm_cmpdf2.o)
 .ARM.attributes
                0x0000000000000b44       0x22 e:/stm32cubeide/cubeide/stm32cubeide_1.4.0/stm32cubeide/plugins/com.st.stm32cube.ide.mcu.externaltools.gnu-tools-for-stm32.7-2018-q2-update.win32_1.4.0.202007081208/tools/bin/../lib/gcc/arm-none-eabi/7.3.1/thumb/v7e-m/fpv4-sp/hard\libgcc.a(_arm_unorddf2.o)
 .ARM.attributes
                0x0000000000000b66       0x22 e:/stm32cubeide/cubeide/stm32cubeide_1.4.0/stm32cubeide/plugins/com.st.stm32cube.ide.mcu.externaltools.gnu-tools-for-stm32.7-2018-q2-update.win32_1.4.0.202007081208/tools/bin/../lib/gcc/arm-none-eabi/7.3.1/thumb/v7e-m/fpv4-sp/hard\libgcc.a(_arm_fixdfsi.o)
 .ARM.attributes
                0x0000000000000b88       0x22 e:/stm32cubeide/cubeide/stm32cubeide_1.4.0/stm32cubeide/plugins/com.st.stm32cube.ide.mcu.externaltools.gnu-tools-for-stm32.7-2018-q2-update.win32_1.4.0.202007081208/tools/bin/../lib/gcc/arm-none-eabi/7.3.1/thumb/v7e-m/fpv4-sp/hard\libgcc.a(_arm_truncdfsf2.o)
 .ARM.attributes
                0x0000000000000baa       0x22 e:/stm32cubeide/cubeide/stm32cubeide_1.4.0/stm32cubeide/plugins/com.st.stm32cube.ide.mcu.externaltools.gnu-tools-for-stm32.7-2018-q2-update.win32_1.4.0.202007081208/tools/bin/../lib/gcc/arm-none-eabi/7.3.1/thumb/v7e-m/fpv4-sp/hard\libgcc.a(_aeabi_uldivmod.o)
 .ARM.attributes